Archive member included to satisfy reference by file (symbol)

C:/Program Files (x86)/SEGGER/SEGGER Embedded Studio for ARM 5.40c/lib/libm_v7em_fpv4_sp_d16_hard_t_le_eabi.a(libm_asm.o)
                              Output/Release/Obj/twi_scanner_pca10056/main.o (__aeabi_f2d)
C:/Program Files (x86)/SEGGER/SEGGER Embedded Studio for ARM 5.40c/lib/libc_v7em_fpv4_sp_d16_hard_t_le_eabi.a(libc2.o)
                              Output/Release/Obj/twi_scanner_pca10056/nrf_log_str_formatter.o (isprint)
C:/Program Files (x86)/SEGGER/SEGGER Embedded Studio for ARM 5.40c/lib/libc_v7em_fpv4_sp_d16_hard_t_le_eabi.a(libc2_asm.o)
                              Output/Release/Obj/twi_scanner_pca10056/nrf_log_frontend.o (memcpy)
C:/Program Files (x86)/SEGGER/SEGGER Embedded Studio for ARM 5.40c/lib/libc_v7em_fpv4_sp_d16_hard_t_le_eabi.a(libvfprintf.o)
                              (__vfprintf_short_float_long)
C:/Program Files (x86)/SEGGER/SEGGER Embedded Studio for ARM 5.40c/lib/libc_v7em_fpv4_sp_d16_hard_t_le_eabi.a(libvfscanf.o)
                              (__vfscanf_int)
C:/Program Files (x86)/SEGGER/SEGGER Embedded Studio for ARM 5.40c/lib/libc_v7em_fpv4_sp_d16_hard_t_le_eabi.a(libc.o)
                              C:/Program Files (x86)/SEGGER/SEGGER Embedded Studio for ARM 5.40c/lib/libc_v7em_fpv4_sp_d16_hard_t_le_eabi.a(libc2.o) (__heap_lock)
C:/Program Files (x86)/SEGGER/SEGGER Embedded Studio for ARM 5.40c/lib/libc_v7em_fpv4_sp_d16_hard_t_le_eabi.a(libc_asm.o)
                              C:/Program Files (x86)/SEGGER/SEGGER Embedded Studio for ARM 5.40c/lib/libc_v7em_fpv4_sp_d16_hard_t_le_eabi.a(libc2.o) (__aeabi_uldivmod)
C:/Program Files (x86)/SEGGER/SEGGER Embedded Studio for ARM 5.40c/lib/libdebugio_v7em_fpv4_sp_d16_hard_t_le_eabi.a(libdebugio.o)
                              Output/Release/Obj/twi_scanner_pca10056/thumb_crt0.o (debug_fopen)
C:/Program Files (x86)/SEGGER/SEGGER Embedded Studio for ARM 5.40c/lib/libdebugio_v7em_fpv4_sp_d16_hard_t_le_eabi.a(do_nv_debug_operation.o)
                              C:/Program Files (x86)/SEGGER/SEGGER Embedded Studio for ARM 5.40c/lib/libdebugio_v7em_fpv4_sp_d16_hard_t_le_eabi.a(libdebugio.o) (__do_nvdebug_operation)
C:/Program Files (x86)/SEGGER/SEGGER Embedded Studio for ARM 5.40c/lib/libdebugio_v7em_fpv4_sp_d16_hard_t_le_eabi.a(mempoll_debug_operations.o)
                              (__do_debug_operation_mempoll)
C:/Program Files (x86)/SEGGER/SEGGER Embedded Studio for ARM 5.40c/lib/libm_v7em_fpv4_sp_d16_hard_t_le_eabi.a(libm2.o)
                              C:/Program Files (x86)/SEGGER/SEGGER Embedded Studio for ARM 5.40c/lib/libc_v7em_fpv4_sp_d16_hard_t_le_eabi.a(libvfprintf.o) (frexp)

Discarded input sections

 .text          0x00000000        0x0 Output/Release/Obj/twi_scanner_pca10056/thumb_crt0.o
 .data          0x00000000        0x0 Output/Release/Obj/twi_scanner_pca10056/thumb_crt0.o
 .bss           0x00000000        0x0 Output/Release/Obj/twi_scanner_pca10056/thumb_crt0.o
 .text.abort    0x00000000        0x2 Output/Release/Obj/twi_scanner_pca10056/thumb_crt0.o
 .text.__assert
                0x00000000        0x2 Output/Release/Obj/twi_scanner_pca10056/thumb_crt0.o
 .text.__assert_func
                0x00000000        0x2 Output/Release/Obj/twi_scanner_pca10056/thumb_crt0.o
 .text.__aeabi_assert
                0x00000000        0x2 Output/Release/Obj/twi_scanner_pca10056/thumb_crt0.o
 .text.__sync_synchronize
                0x00000000        0x2 Output/Release/Obj/twi_scanner_pca10056/thumb_crt0.o
 .text.__getchar
                0x00000000        0x4 Output/Release/Obj/twi_scanner_pca10056/thumb_crt0.o
 .text.__putchar
                0x00000000        0x4 Output/Release/Obj/twi_scanner_pca10056/thumb_crt0.o
 .text.__open   0x00000000        0x4 Output/Release/Obj/twi_scanner_pca10056/thumb_crt0.o
 .text.__close  0x00000000        0x4 Output/Release/Obj/twi_scanner_pca10056/thumb_crt0.o
 .text.__write  0x00000000        0xa Output/Release/Obj/twi_scanner_pca10056/thumb_crt0.o
 .text.__read   0x00000000        0xa Output/Release/Obj/twi_scanner_pca10056/thumb_crt0.o
 .text.__seek   0x00000000       0x1a Output/Release/Obj/twi_scanner_pca10056/thumb_crt0.o
 .text.remove   0x00000000        0x4 Output/Release/Obj/twi_scanner_pca10056/thumb_crt0.o
 .text.rename   0x00000000        0x4 Output/Release/Obj/twi_scanner_pca10056/thumb_crt0.o
 .bss.__user_locale_name_buffer
                0x00000000        0x4 Output/Release/Obj/twi_scanner_pca10056/thumb_crt0.o
 .stack         0x00000000        0x0 Output/Release/Obj/twi_scanner_pca10056/thumb_crt0.o
 .stack_process
                0x00000000        0x0 Output/Release/Obj/twi_scanner_pca10056/thumb_crt0.o
 .heap          0x00000000        0x0 Output/Release/Obj/twi_scanner_pca10056/thumb_crt0.o
 .group         0x00000000        0xc Output/Release/Obj/twi_scanner_pca10056/nrf_log_backend_rtt.o
 .group         0x00000000        0xc Output/Release/Obj/twi_scanner_pca10056/nrf_log_backend_rtt.o
[...]
Memory Configuration

Name             Origin             Length             Attributes
UNPLACED_SECTIONS 0xffffffff         0x00000000         xw
RAM              0x20000000         0x00040000         xw
FLASH            0x00000000         0x00100000         xw
*default*        0x00000000         0xffffffff

Linker script and memory map

                0x00000000                __do_debug_operation = __do_debug_operation_mempoll
                0x00003238                __vfprintf = __vfprintf_short_float_long
                0x00000000                __vfscanf = __vfscanf_int
                0x20000000                __RAM_segment_start__ = 0x20000000
                0x20040000                __RAM_segment_end__ = 0x20040000
                0x00040000                __RAM_segment_size__ = 0x40000
                0x00000000                __FLASH_segment_start__ = 0x0
                0x00100000                __FLASH_segment_end__ = 0x100000
                0x00100000                __FLASH_segment_size__ = 0x100000
                0x00002000                __HEAPSIZE__ = 0x2000
                0x00000000                __STACKSIZE_PROCESS__ = 0x0
                0x00002000                __STACKSIZE__ = 0x2000
                0x20000000                __vectors_ram_load_start__ = 0x20000000

.vectors_ram    0x20000000        0x0
                0x20000000                __vectors_ram_start__ = .
                0x20000000                __app_ram_start__ = __vectors_ram_start__
 *(.vectors_ram .vectors_ram.*)
                0x20000000                __vectors_ram_end__ = (__vectors_ram_start__ + SIZEOF (.vectors_ram))
                0x00000000                __vectors_ram_size__ = SIZEOF (.vectors_ram)
                0x20000000                __vectors_ram_load_end__ = __vectors_ram_end__
                0x00000001                . = ASSERT (((__vectors_ram_start__ == __vectors_ram_end__) || ((__vectors_ram_end__ - __RAM_segment_start__) <= __RAM_segment_size__)), error: .vectors_ram is too large to fit in RAM memory segment)
                0x20000000                __nrf_sections_run_load_start__ = ALIGN (__vectors_ram_end__, 0x4)

.nrf_sections_run
                0x20000000        0x0
                0x20000000                __nrf_sections_run_start__ = .
                0x20000000                __start_nrf_sections_run = __nrf_sections_run_start__
 *(.nrf_sections_run .nrf_sections_run.*)
                0x20000000                __nrf_sections_run_end__ = (__nrf_sections_run_start__ + SIZEOF (.nrf_sections_run))
                0x00000000                __nrf_sections_run_size__ = SIZEOF (.nrf_sections_run)
                0x20000000                __nrf_sections_run_load_end__ = __nrf_sections_run_end__
                0x00000001                . = ASSERT (((__nrf_sections_run_start__ == __nrf_sections_run_end__) || ((__nrf_sections_run_end__ - __RAM_segment_start__) <= __RAM_segment_size__)), error: .nrf_sections_run is too large to fit in RAM memory segment)
                0x00000000                __vectors_load_start__ = 0x0

.vectors        0x00000000      0x200
                0x00000000                __vectors_start__ = .
 *(.vectors .vectors.*)
 .vectors       0x00000000      0x200 Output/Release/Obj/twi_scanner_pca10056/ses_startup_nrf52840.o
                0x00000000                _vectors
                0x00000200                __vectors_end__ = (__vectors_start__ + SIZEOF (.vectors))
                0x00000200                __vectors_size__ = SIZEOF (.vectors)
                0x00000200                __vectors_load_end__ = __vectors_end__
                0x00000001                . = ASSERT (((__vectors_start__ == __vectors_end__) || ((__vectors_end__ - __FLASH_segment_start__) <= __FLASH_segment_size__)), error: .vectors is too large to fit in FLASH memory segment)
                0x00000200                __init_load_start__ = ALIGN (__vectors_end__, 0x4)

.init           0x00000200      0x1d4
                0x00000200                __init_start__ = .
 *(.init .init.*)
 .init          0x00000200      0x15c Output/Release/Obj/twi_scanner_pca10056/thumb_crt0.o
                0x00000200                _start
                0x000002b4                exit
 .init          0x0000035c       0x18 Output/Release/Obj/twi_scanner_pca10056/ses_startup_nrf52840.o
                0x0000035c                NMI_Handler
                0x0000035e                HardFault_Handler
                0x00000360                MemoryManagement_Handler
                0x00000362                BusFault_Handler
                0x00000364                UsageFault_Handler
                0x00000366                SVC_Handler
                0x00000368                DebugMon_Handler
                0x0000036a                PendSV_Handler
                0x0000036c                SysTick_Handler
                0x0000036e                PWM1_IRQHandler
                0x0000036e                GPIOTE_IRQHandler
                0x0000036e                RTC0_IRQHandler
                0x0000036e                POWER_CLOCK_IRQHandler
                0x0000036e                RADIO_IRQHandler
                0x0000036e                SWI2_EGU2_IRQHandler
                0x0000036e                TEMP_IRQHandler
                0x0000036e                QDEC_IRQHandler
                0x0000036e                TIMER3_IRQHandler
                0x0000036e                PWM3_IRQHandler
                0x0000036e                FPU_IRQHandler
                0x0000036e                USBD_IRQHandler
                0x0000036e                QSPI_IRQHandler
                0x0000036e                TIMER4_IRQHandler
                0x0000036e                PDM_IRQHandler
                0x0000036e                I2S_IRQHandler
                0x0000036e                SWI4_EGU4_IRQHandler
                0x0000036e                TIMER0_IRQHandler
                0x0000036e                UARTE1_IRQHandler
                0x0000036e                Dummy_Handler
                0x0000036e                TIMER1_IRQHandler
                0x0000036e                SPIM3_IRQHandler
                0x0000036e                PWM2_IRQHandler
                0x0000036e                ECB_IRQHandler
                0x0000036e                SAADC_IRQHandler
                0x0000036e                CCM_AAR_IRQHandler
                0x0000036e                WDT_IRQHandler
                0x0000036e                SWI0_EGU0_IRQHandler
                0x0000036e                SWI5_EGU5_IRQHandler
                0x0000036e                RNG_IRQHandler
                0x0000036e                RTC2_IRQHandler
                0x0000036e                PWM0_IRQHandler
                0x0000036e                SWI3_EGU3_IRQHandler
                0x0000036e                RTC1_IRQHandler
                0x0000036e                SWI1_EGU1_IRQHandler
                0x0000036e                SPIM2_SPIS2_SPI2_IRQHandler
                0x0000036e                NFCT_IRQHandler
                0x0000036e                CRYPTOCELL_IRQHandler
                0x0000036e                MWU_IRQHandler
                0x0000036e                TIMER2_IRQHandler
                0x0000036e                COMP_LPCOMP_IRQHandler
                0x00000370                nRFInitialize
 .init          0x00000374       0x60 Output/Release/Obj/twi_scanner_pca10056/ses_startup_nrf_common.o
                0x00000374                Reset_Handler
                0x0000039c                InitializeUserMemorySections
                0x000003d4                __init_end__ = (__init_start__ + SIZEOF (.init))
                0x000001d4                __init_size__ = SIZEOF (.init)
                0x000003d4                __init_load_end__ = __init_end__
                0x00000001                . = ASSERT (((__init_start__ == __init_end__) || ((__init_end__ - __FLASH_segment_start__) <= __FLASH_segment_size__)), error: .init is too large to fit in FLASH memory segment)
                0x000003d4                __init_rodata_load_start__ = ALIGN (__init_end__, 0x4)

.init_rodata    0x000003d4        0x0
                0x000003d4                __init_rodata_start__ = .
 *(.init_rodata .init_rodata.*)
                0x000003d4                __init_rodata_end__ = (__init_rodata_start__ + SIZEOF (.init_rodata))
                0x00000000                __init_rodata_size__ = SIZEOF (.init_rodata)
                0x000003d4                __init_rodata_load_end__ = __init_rodata_end__
                0x00000001                . = ASSERT (((__init_rodata_start__ == __init_rodata_end__) || ((__init_rodata_end__ - __FLASH_segment_start__) <= __FLASH_segment_size__)), error: .init_rodata is too large to fit in FLASH memory segment)
                0x000003d4                __text_load_start__ = ALIGN (__init_rodata_end__, 0x4)

.text           0x000003d4     0x3d4c
                0x000003d4                __text_start__ = .
 *(.text .text.* .glue_7t .glue_7 .gnu.linkonce.t.* .gcc_except_table .ARM.extab* .gnu.linkonce.armextab.*)
 .glue_7        0x000003d4        0x0 linker stubs
 .glue_7t       0x000003d4        0x0 linker stubs
 .text.__aeabi_read_tp
                0x000003d4        0x8 Output/Release/Obj/twi_scanner_pca10056/thumb_crt0.o
                0x000003d4                __aeabi_read_tp
 .text.nrf_log_backend_serial_put
                0x000003dc       0xc2 Output/Release/Obj/twi_scanner_pca10056/nrf_log_backend_serial.o
                0x000003dc                nrf_log_backend_serial_put
 *fill*         0x0000049e        0x2 
 .text.uart_evt_handler
                0x000004a0        0xc Output/Release/Obj/twi_scanner_pca10056/nrf_log_backend_uart.o
 .text.nrf_log_backend_uart_flush
                0x000004ac        0x2 Output/Release/Obj/twi_scanner_pca10056/nrf_log_backend_uart.o
 *fill*         0x000004ae        0x2 
 .text.uart_init
                0x000004b0       0x4c Output/Release/Obj/twi_scanner_pca10056/nrf_log_backend_uart.o
 .text.nrf_log_backend_uart_put
                0x000004fc       0x1c Output/Release/Obj/twi_scanner_pca10056/nrf_log_backend_uart.o
 .text.serial_tx
                0x00000518       0x48 Output/Release/Obj/twi_scanner_pca10056/nrf_log_backend_uart.o
 .text.nrf_log_backend_uart_panic_set
                0x00000560       0x2c Output/Release/Obj/twi_scanner_pca10056/nrf_log_backend_uart.o
 .text.nrf_log_backend_uart_init
                0x0000058c        0x6 Output/Release/Obj/twi_scanner_pca10056/nrf_log_backend_uart.o
                0x0000058c                nrf_log_backend_uart_init
 *fill*         0x00000592        0x2 
 .text.nrf_log_default_backends_init
                0x00000594       0x20 Output/Release/Obj/twi_scanner_pca10056/nrf_log_default_backends.o
                0x00000594                nrf_log_default_backends_init
 .text.invalid_packets_omit
                0x000005b4       0x3a Output/Release/Obj/twi_scanner_pca10056/nrf_log_frontend.o
 *fill*         0x000005ee        0x2 
 .text.buf_prealloc
                0x000005f0      0x130 Output/Release/Obj/twi_scanner_pca10056/nrf_log_frontend.o
 .text.nrf_log_init
                0x00000720       0x3c Output/Release/Obj/twi_scanner_pca10056/nrf_log_frontend.o
                0x00000720                nrf_log_init
 .text.nrf_log_module_name_get
                0x0000075c       0x38 Output/Release/Obj/twi_scanner_pca10056/nrf_log_frontend.o
                0x0000075c                nrf_log_module_name_get
 .text.nrf_log_color_id_get
                0x00000794       0x2c Output/Release/Obj/twi_scanner_pca10056/nrf_log_frontend.o
                0x00000794                nrf_log_color_id_get
 .text.buffer_is_empty
                0x000007c0       0x14 Output/Release/Obj/twi_scanner_pca10056/nrf_log_frontend.o
                0x000007c0                buffer_is_empty
 .text.nrf_log_frontend_dequeue
                0x000007d4      0x224 Output/Release/Obj/twi_scanner_pca10056/nrf_log_frontend.o
                0x000007d4                nrf_log_frontend_dequeue
 .text.std_n    0x000009f8       0x98 Output/Release/Obj/twi_scanner_pca10056/nrf_log_frontend.o
 .text.nrf_log_frontend_std_0
                0x00000a90        0x8 Output/Release/Obj/twi_scanner_pca10056/nrf_log_frontend.o
                0x00000a90                nrf_log_frontend_std_0
 .text.nrf_log_backend_add
                0x00000a98       0x44 Output/Release/Obj/twi_scanner_pca10056/nrf_log_frontend.o
                0x00000a98                nrf_log_backend_add
 .text.nrf_log_panic
                0x00000adc       0x28 Output/Release/Obj/twi_scanner_pca10056/nrf_log_frontend.o
                0x00000adc                nrf_log_panic
 .text.prefix_process
                0x00000b04       0x7c Output/Release/Obj/twi_scanner_pca10056/nrf_log_str_formatter.o
 .text.postfix_process
                0x00000b80       0x44 Output/Release/Obj/twi_scanner_pca10056/nrf_log_str_formatter.o
 .text.nrf_log_std_entry_process
                0x00000bc4       0xc8 Output/Release/Obj/twi_scanner_pca10056/nrf_log_str_formatter.o
                0x00000bc4                nrf_log_std_entry_process
 .text.nrf_log_hexdump_entry_process
                0x00000c8c       0xb4 Output/Release/Obj/twi_scanner_pca10056/nrf_log_str_formatter.o
                0x00000c8c                nrf_log_hexdump_entry_process
 .text.app_error_handler_bare
                0x00000d40       0x1a Output/Release/Obj/twi_scanner_pca10056/app_error.o
                0x00000d40                app_error_handler_bare
 *fill*         0x00000d5a        0x2 
 .text.app_error_fault_handler
                0x00000d5c       0x6c Output/Release/Obj/twi_scanner_pca10056/app_error_weak.o
                0x00000d5c                app_error_fault_handler
 .text.app_util_disable_irq
                0x00000dc8       0x10 Output/Release/Obj/twi_scanner_pca10056/app_util_platform.o
                0x00000dc8                app_util_disable_irq
 .text.app_util_enable_irq
                0x00000dd8       0x14 Output/Release/Obj/twi_scanner_pca10056/app_util_platform.o
                0x00000dd8                app_util_enable_irq
 .text.app_util_critical_region_enter
                0x00000dec        0x4 Output/Release/Obj/twi_scanner_pca10056/app_util_platform.o
                0x00000dec                app_util_critical_region_enter
 .text.app_util_critical_region_exit
                0x00000df0        0x4 Output/Release/Obj/twi_scanner_pca10056/app_util_platform.o
                0x00000df0                app_util_critical_region_exit
 .text.nrf_atomic_u32_fetch_store
                0x00000df4       0x16 Output/Release/Obj/twi_scanner_pca10056/nrf_atomic.o
                0x00000df4                nrf_atomic_u32_fetch_store
 .text.nrf_atomic_u32_or
                0x00000e0a       0x18 Output/Release/Obj/twi_scanner_pca10056/nrf_atomic.o
                0x00000e0a                nrf_atomic_u32_or
 .text.nrf_atomic_u32_fetch_and
                0x00000e22       0x18 Output/Release/Obj/twi_scanner_pca10056/nrf_atomic.o
                0x00000e22                nrf_atomic_u32_fetch_and
 .text.nrf_atomic_u32_add
                0x00000e3a       0x18 Output/Release/Obj/twi_scanner_pca10056/nrf_atomic.o
                0x00000e3a                nrf_atomic_u32_add
 .text.nrf_atomic_u32_sub
                0x00000e52       0x18 Output/Release/Obj/twi_scanner_pca10056/nrf_atomic.o
                0x00000e52                nrf_atomic_u32_sub
 .text.nrf_atomic_flag_set
                0x00000e6a        0x6 Output/Release/Obj/twi_scanner_pca10056/nrf_atomic.o
                0x00000e6a                nrf_atomic_flag_set
 .text.nrf_atomic_flag_clear_fetch
                0x00000e70        0x6 Output/Release/Obj/twi_scanner_pca10056/nrf_atomic.o
                0x00000e70                nrf_atomic_flag_clear_fetch
 .text.nrf_balloc_init
                0x00000e76       0x2e Output/Release/Obj/twi_scanner_pca10056/nrf_balloc.o
                0x00000e76                nrf_balloc_init
 .text.nrf_balloc_alloc
                0x00000ea4       0x40 Output/Release/Obj/twi_scanner_pca10056/nrf_balloc.o
                0x00000ea4                nrf_balloc_alloc
 .text.nrf_balloc_free
                0x00000ee4       0x2a Output/Release/Obj/twi_scanner_pca10056/nrf_balloc.o
                0x00000ee4                nrf_balloc_free
 .text.nrf_fprintf_buffer_flush
                0x00000f0e       0x16 Output/Release/Obj/twi_scanner_pca10056/nrf_fprintf.o
                0x00000f0e                nrf_fprintf_buffer_flush
 .text.nrf_fprintf
                0x00000f24       0x1c Output/Release/Obj/twi_scanner_pca10056/nrf_fprintf.o
                0x00000f24                nrf_fprintf
 .text.buffer_add
                0x00000f40       0x1e Output/Release/Obj/twi_scanner_pca10056/nrf_fprintf_format.o
 *fill*         0x00000f5e        0x2 
 .text.unsigned_print
                0x00000f60       0xb4 Output/Release/Obj/twi_scanner_pca10056/nrf_fprintf_format.o
 .text.nrf_fprintf_fmt
                0x00001014      0x294 Output/Release/Obj/twi_scanner_pca10056/nrf_fprintf_format.o
                0x00001014                nrf_fprintf_fmt
 .text.memobj_op
                0x000012a8       0x86 Output/Release/Obj/twi_scanner_pca10056/nrf_memobj.o
 .text.nrf_memobj_pool_init
                0x0000132e        0x4 Output/Release/Obj/twi_scanner_pca10056/nrf_memobj.o
                0x0000132e                nrf_memobj_pool_init
 .text.nrf_memobj_free
                0x00001332       0x2c Output/Release/Obj/twi_scanner_pca10056/nrf_memobj.o
                0x00001332                nrf_memobj_free
 .text.nrf_memobj_alloc
                0x0000135e       0x5e Output/Release/Obj/twi_scanner_pca10056/nrf_memobj.o
                0x0000135e                nrf_memobj_alloc
 .text.nrf_memobj_get
                0x000013bc        0x8 Output/Release/Obj/twi_scanner_pca10056/nrf_memobj.o
                0x000013bc                nrf_memobj_get
 .text.nrf_memobj_put
                0x000013c4       0x1c Output/Release/Obj/twi_scanner_pca10056/nrf_memobj.o
                0x000013c4                nrf_memobj_put
 .text.nrf_memobj_write
                0x000013e0       0x14 Output/Release/Obj/twi_scanner_pca10056/nrf_memobj.o
                0x000013e0                nrf_memobj_write
 .text.nrf_memobj_read
                0x000013f4       0x14 Output/Release/Obj/twi_scanner_pca10056/nrf_memobj.o
                0x000013f4                nrf_memobj_read
 .text.nrf_ringbuf_init
                0x00001408       0x12 Output/Release/Obj/twi_scanner_pca10056/nrf_ringbuf.o
                0x00001408                nrf_ringbuf_init
 *fill*         0x0000141a        0x2 
 .text.twim_evt_handler
                0x0000141c       0x40 Output/Release/Obj/twi_scanner_pca10056/nrf_drv_twi.o
 .text.nrfx_coredep_delay_us.part.0.constprop.0
                0x0000145c       0x10 Output/Release/Obj/twi_scanner_pca10056/nrf_drv_twi.o
 .text.nrf_gpio_pin_set
                0x0000146c       0x20 Output/Release/Obj/twi_scanner_pca10056/nrf_drv_twi.o
 .text.nrf_drv_twi_init
                0x0000148c      0x100 Output/Release/Obj/twi_scanner_pca10056/nrf_drv_twi.o
                0x0000148c                nrf_drv_twi_init
 .text.uarte_evt_handler
                0x0000158c       0x34 Output/Release/Obj/twi_scanner_pca10056/nrf_drv_uart.o
 .text.uart_evt_handler
                0x000015c0       0x34 Output/Release/Obj/twi_scanner_pca10056/nrf_drv_uart.o
 .text.nrf_drv_uart_init
                0x000015f4       0x7c Output/Release/Obj/twi_scanner_pca10056/nrf_drv_uart.o
                0x000015f4                nrf_drv_uart_init
 .text.UARTE0_UART0_IRQHandler
                0x00001670        0xc Output/Release/Obj/twi_scanner_pca10056/nrfx_prs.o
                0x00001670                UARTE0_UART0_IRQHandler
 .text.nrfx_prs_acquire
                0x0000167c       0x38 Output/Release/Obj/twi_scanner_pca10056/nrfx_prs.o
                0x0000167c                nrfx_prs_acquire
 .text.nrfx_prs_release
                0x000016b4       0x18 Output/Release/Obj/twi_scanner_pca10056/nrfx_prs.o
                0x000016b4                nrfx_prs_release
 .text.nrf_twim_event_clear
                0x000016cc       0x10 Output/Release/Obj/twi_scanner_pca10056/nrfx_twim.o
 .text.twim_irq_handler
                0x000016dc      0x124 Output/Release/Obj/twi_scanner_pca10056/nrfx_twim.o
 .text.SPIM0_SPIS0_TWIM0_TWIS0_SPI0_TWI0_IRQHandler
                0x00001800       0x10 Output/Release/Obj/twi_scanner_pca10056/nrfx_twim.o
                0x00001800                SPIM0_SPIS0_TWIM0_TWIS0_SPI0_TWI0_IRQHandler
 .text.SPIM1_SPIS1_TWIM1_TWIS1_SPI1_TWI1_IRQHandler
                0x00001810       0x10 Output/Release/Obj/twi_scanner_pca10056/nrfx_twim.o
                0x00001810                SPIM1_SPIS1_TWIM1_TWIS1_SPI1_TWI1_IRQHandler
 .text.nrfx_twim_init
                0x00001820      0x118 Output/Release/Obj/twi_scanner_pca10056/nrfx_twim.o
                0x00001820                nrfx_twim_init
 .text.nrfx_twim_enable
                0x00001938       0x20 Output/Release/Obj/twi_scanner_pca10056/nrfx_twim.o
                0x00001938                nrfx_twim_enable
 .text.nrfx_twim_xfer
                0x00001958      0x278 Output/Release/Obj/twi_scanner_pca10056/nrfx_twim.o
                0x00001958                nrfx_twim_xfer
 .text.nrfx_twim_tx
                0x00001bd0       0x36 Output/Release/Obj/twi_scanner_pca10056/nrfx_twim.o
                0x00001bd0                nrfx_twim_tx
 .text.nrfx_twim_rx
                0x00001c06       0x32 Output/Release/Obj/twi_scanner_pca10056/nrfx_twim.o
                0x00001c06                nrfx_twim_rx
 .text.nrf_uart_event_clear
                0x00001c38       0x10 Output/Release/Obj/twi_scanner_pca10056/nrfx_uart.o
 .text.tx_byte  0x00001c48       0x1e Output/Release/Obj/twi_scanner_pca10056/nrfx_uart.o
 .text.rx_byte  0x00001c66       0x2c Output/Release/Obj/twi_scanner_pca10056/nrfx_uart.o
 *fill*         0x00001c92        0x2 
 .text.rx_done_event.constprop.0
                0x00001c94       0x20 Output/Release/Obj/twi_scanner_pca10056/nrfx_uart.o
 .text.nrfx_uart_0_irq_handler
                0x00001cb4      0x140 Output/Release/Obj/twi_scanner_pca10056/nrfx_uart.o
                0x00001cb4                nrfx_uart_0_irq_handler
 .text.nrf_gpio_cfg_default
                0x00001df4       0x20 Output/Release/Obj/twi_scanner_pca10056/nrfx_uart.o
 .text.nrfx_uart_init
                0x00001e14      0x1b4 Output/Release/Obj/twi_scanner_pca10056/nrfx_uart.o
                0x00001e14                nrfx_uart_init
 .text.nrfx_uart_uninit
                0x00001fc8       0xa8 Output/Release/Obj/twi_scanner_pca10056/nrfx_uart.o
                0x00001fc8                nrfx_uart_uninit
 .text.nrfx_uart_tx_in_progress
                0x00002070       0x18 Output/Release/Obj/twi_scanner_pca10056/nrfx_uart.o
                0x00002070                nrfx_uart_tx_in_progress
 .text.nrfx_uart_tx
                0x00002088       0x9c Output/Release/Obj/twi_scanner_pca10056/nrfx_uart.o
                0x00002088                nrfx_uart_tx
 .text.nrf_uarte_event_clear
                0x00002124       0x10 Output/Release/Obj/twi_scanner_pca10056/nrfx_uarte.o
 .text.rx_done_event.constprop.0
                0x00002134       0x24 Output/Release/Obj/twi_scanner_pca10056/nrfx_uarte.o
 .text.nrfx_uarte_0_irq_handler
                0x00002158       0xe8 Output/Release/Obj/twi_scanner_pca10056/nrfx_uarte.o
                0x00002158                nrfx_uarte_0_irq_handler
 .text.nrf_gpio_cfg_default
                0x00002240       0x20 Output/Release/Obj/twi_scanner_pca10056/nrfx_uarte.o
 .text.nrfx_uarte_init
                0x00002260      0x1c4 Output/Release/Obj/twi_scanner_pca10056/nrfx_uarte.o
                0x00002260                nrfx_uarte_init
 .text.nrfx_uarte_uninit
                0x00002424       0xa8 Output/Release/Obj/twi_scanner_pca10056/nrfx_uarte.o
                0x00002424                nrfx_uarte_uninit
 .text.nrfx_uarte_tx_in_progress
                0x000024cc       0x18 Output/Release/Obj/twi_scanner_pca10056/nrfx_uarte.o
                0x000024cc                nrfx_uarte_tx_in_progress
 .text.nrfx_uarte_tx
                0x000024e4       0x90 Output/Release/Obj/twi_scanner_pca10056/nrfx_uarte.o
                0x000024e4                nrfx_uarte_tx
 .text.nrf_delay_ms.part.0
                0x00002574       0x1c Output/Release/Obj/twi_scanner_pca10056/main.o
 .text.twi_init
                0x00002590       0x3c Output/Release/Obj/twi_scanner_pca10056/main.o
                0x00002590                twi_init
 .text.maxim_max1726x_write_reg
                0x000025cc       0x2c Output/Release/Obj/twi_scanner_pca10056/main.o
                0x000025cc                maxim_max1726x_write_reg
 .text.maxim_max1726x_read_reg
                0x000025f8       0x34 Output/Release/Obj/twi_scanner_pca10056/main.o
                0x000025f8                maxim_max1726x_read_reg
 .text.maxim_max1726x_write_and_verify_reg
                0x0000262c       0x84 Output/Release/Obj/twi_scanner_pca10056/main.o
                0x0000262c                maxim_max1726x_write_and_verify_reg
 .text.maxim_max1726x_check_por
                0x000026b0       0x18 Output/Release/Obj/twi_scanner_pca10056/main.o
                0x000026b0                maxim_max1726x_check_por
 .text.maxim_max1726x_clear_por
                0x000026c8       0x24 Output/Release/Obj/twi_scanner_pca10056/main.o
                0x000026c8                maxim_max1726x_clear_por
 .text.maxim_max1726x_wait_dnr
                0x000026ec       0x34 Output/Release/Obj/twi_scanner_pca10056/main.o
                0x000026ec                maxim_max1726x_wait_dnr
 .text.maxim_max1726x_initialize_ez_config
                0x00002720       0xcc Output/Release/Obj/twi_scanner_pca10056/main.o
                0x00002720                maxim_max1726x_initialize_ez_config
 .text.maxim_max1726x_get_repcap
                0x000027ec       0x38 Output/Release/Obj/twi_scanner_pca10056/main.o
                0x000027ec                maxim_max1726x_get_repcap
 .text.maxim_max1726x_get_repsoc
                0x00002824       0x20 Output/Release/Obj/twi_scanner_pca10056/main.o
                0x00002824                maxim_max1726x_get_repsoc
 .text.maxim_max1726x_get_tte
                0x00002844       0x2c Output/Release/Obj/twi_scanner_pca10056/main.o
                0x00002844                maxim_max1726x_get_tte
 .text.maxim_max1726x_get_voltage
                0x00002870       0x2c Output/Release/Obj/twi_scanner_pca10056/main.o
                0x00002870                maxim_max1726x_get_voltage
 .text.maxim_max1726x_get_temperature
                0x0000289c       0x18 Output/Release/Obj/twi_scanner_pca10056/main.o
                0x0000289c                maxim_max1726x_get_temperature
 .text.startup.main
                0x000028b4      0x108 Output/Release/Obj/twi_scanner_pca10056/main.o
                0x000028b4                main
 .text._GetAvailWriteSpace
                0x000029bc       0x12 Output/Release/Obj/twi_scanner_pca10056/SEGGER_RTT.o
 .text._WriteNoCheck
                0x000029ce       0x38 Output/Release/Obj/twi_scanner_pca10056/SEGGER_RTT.o
 .text._WriteBlocking
                0x00002a06       0x52 Output/Release/Obj/twi_scanner_pca10056/SEGGER_RTT.o
 .text._DoInit  0x00002a58       0x60 Output/Release/Obj/twi_scanner_pca10056/SEGGER_RTT.o
 .text.SEGGER_RTT_WriteNoLock
                0x00002ab8       0x60 Output/Release/Obj/twi_scanner_pca10056/SEGGER_RTT.o
                0x00002ab8                SEGGER_RTT_WriteNoLock
 .text.SEGGER_RTT_Write
                0x00002b18       0x34 Output/Release/Obj/twi_scanner_pca10056/SEGGER_RTT.o
                0x00002b18                SEGGER_RTT_Write
 .text.printf   0x00002b4c       0x3a Output/Release/Obj/twi_scanner_pca10056/SEGGER_RTT_Syscalls_SES.o
                0x00002b4c                printf
 .text.errata_98
                0x00002b86       0x1a Output/Release/Obj/twi_scanner_pca10056/system_nrf52840.o
 .text.SystemInit
                0x00002ba0      0x1bc Output/Release/Obj/twi_scanner_pca10056/system_nrf52840.o
                0x00002ba0                SystemInit
 .text.__aeabi_f2d
                0x00002d5c       0x34 C:/Program Files (x86)/SEGGER/SEGGER Embedded Studio for ARM 5.40c/lib/libm_v7em_fpv4_sp_d16_hard_t_le_eabi.a(libm_asm.o)
                0x00002d5c                __aeabi_f2d
 .text.__aeabi_d2f
                0x00002d90       0x54 C:/Program Files (x86)/SEGGER/SEGGER Embedded Studio for ARM 5.40c/lib/libm_v7em_fpv4_sp_d16_hard_t_le_eabi.a(libm_asm.o)
                0x00002d90                __aeabi_d2f
 .text.__float32_isinf
                0x00002de4       0x14 C:/Program Files (x86)/SEGGER/SEGGER Embedded Studio for ARM 5.40c/lib/libm_v7em_fpv4_sp_d16_hard_t_le_eabi.a(libm_asm.o)
                0x00002de4                __float32_isinf
 .text.__float32_isnan
                0x00002df8       0x14 C:/Program Files (x86)/SEGGER/SEGGER Embedded Studio for ARM 5.40c/lib/libm_v7em_fpv4_sp_d16_hard_t_le_eabi.a(libm_asm.o)
                0x00002df8                __float32_isnan
 .text.__float32_signbit
                0x00002e0c        0xc C:/Program Files (x86)/SEGGER/SEGGER Embedded Studio for ARM 5.40c/lib/libm_v7em_fpv4_sp_d16_hard_t_le_eabi.a(libm_asm.o)
                0x00002e0c                __float32_signbit
 .text.fabsf    0x00002e18        0x8 C:/Program Files (x86)/SEGGER/SEGGER Embedded Studio for ARM 5.40c/lib/libm_v7em_fpv4_sp_d16_hard_t_le_eabi.a(libm_asm.o)
                0x00002e18                fabsf
                0x00002e18                fabs(float)
 .text.floorf   0x00002e20       0x70 C:/Program Files (x86)/SEGGER/SEGGER Embedded Studio for ARM 5.40c/lib/libm_v7em_fpv4_sp_d16_hard_t_le_eabi.a(libm_asm.o)
                0x00002e20                floorf
                0x00002e20                floor(float)
 .text.frexpf   0x00002e90       0x3c C:/Program Files (x86)/SEGGER/SEGGER Embedded Studio for ARM 5.40c/lib/libm_v7em_fpv4_sp_d16_hard_t_le_eabi.a(libm_asm.o)
                0x00002e90                frexpf
                0x00002e90                frexp(float, int*)
 .text.ldexpf   0x00002ecc       0x48 C:/Program Files (x86)/SEGGER/SEGGER Embedded Studio for ARM 5.40c/lib/libm_v7em_fpv4_sp_d16_hard_t_le_eabi.a(libm_asm.o)
                0x00002ecc                ldexp(float, int)
                0x00002ecc                ldexpf
 .text.libc.__RAL_ascii_isctype
                0x00002f14       0x1c C:/Program Files (x86)/SEGGER/SEGGER Embedded Studio for ARM 5.40c/lib/libc_v7em_fpv4_sp_d16_hard_t_le_eabi.a(libc2.o)
 .text.libc.__RAL_ascii_toupper
                0x00002f30        0xc C:/Program Files (x86)/SEGGER/SEGGER Embedded Studio for ARM 5.40c/lib/libc_v7em_fpv4_sp_d16_hard_t_le_eabi.a(libc2.o)
 .text.libc.__RAL_ascii_tolower
                0x00002f3c        0xc C:/Program Files (x86)/SEGGER/SEGGER Embedded Studio for ARM 5.40c/lib/libc_v7em_fpv4_sp_d16_hard_t_le_eabi.a(libc2.o)
 .text.libc.__RAL_ascii_iswctype
                0x00002f48       0x1c C:/Program Files (x86)/SEGGER/SEGGER Embedded Studio for ARM 5.40c/lib/libc_v7em_fpv4_sp_d16_hard_t_le_eabi.a(libc2.o)
 .text.libc.__RAL_ascii_towupper
                0x00002f64        0xc C:/Program Files (x86)/SEGGER/SEGGER Embedded Studio for ARM 5.40c/lib/libc_v7em_fpv4_sp_d16_hard_t_le_eabi.a(libc2.o)
 .text.libc.__RAL_ascii_towlower
                0x00002f70        0xc C:/Program Files (x86)/SEGGER/SEGGER Embedded Studio for ARM 5.40c/lib/libc_v7em_fpv4_sp_d16_hard_t_le_eabi.a(libc2.o)
 .text.libc.__RAL_ascii_wctomb
                0x00002f7c        0xe C:/Program Files (x86)/SEGGER/SEGGER Embedded Studio for ARM 5.40c/lib/libc_v7em_fpv4_sp_d16_hard_t_le_eabi.a(libc2.o)
                0x00002f7c                __RAL_ascii_wctomb
 .text.libc.__RAL_ascii_mbtowc
                0x00002f8a       0x24 C:/Program Files (x86)/SEGGER/SEGGER Embedded Studio for ARM 5.40c/lib/libc_v7em_fpv4_sp_d16_hard_t_le_eabi.a(libc2.o)
                0x00002f8a                __RAL_ascii_mbtowc
 *fill*         0x00002fae        0x2 
 .text.libc.__RAL_pow10f
                0x00002fb0       0x44 C:/Program Files (x86)/SEGGER/SEGGER Embedded Studio for ARM 5.40c/lib/libc_v7em_fpv4_sp_d16_hard_t_le_eabi.a(libc2.o)
                0x00002fb0                __RAL_pow10f
 .text.libc.__putc
                0x00002ff4       0x36 C:/Program Files (x86)/SEGGER/SEGGER Embedded Studio for ARM 5.40c/lib/libc_v7em_fpv4_sp_d16_hard_t_le_eabi.a(libc2.o)
                0x00002ff4                __putc
 .text.libc.__RAL_print_padding
                0x0000302a       0x1c C:/Program Files (x86)/SEGGER/SEGGER Embedded Studio for ARM 5.40c/lib/libc_v7em_fpv4_sp_d16_hard_t_le_eabi.a(libc2.o)
                0x0000302a                __RAL_print_padding
 .text.libc.__RAL_pre_padding
                0x00003046       0x1a C:/Program Files (x86)/SEGGER/SEGGER Embedded Studio for ARM 5.40c/lib/libc_v7em_fpv4_sp_d16_hard_t_le_eabi.a(libc2.o)
                0x00003046                __RAL_pre_padding
 .text.libc.abs
                0x00003060        0x8 C:/Program Files (x86)/SEGGER/SEGGER Embedded Studio for ARM 5.40c/lib/libc_v7em_fpv4_sp_d16_hard_t_le_eabi.a(libc2.o)
                0x00003060                abs
 .text.libc.__RAL_isctype
                0x00003068       0x14 C:/Program Files (x86)/SEGGER/SEGGER Embedded Studio for ARM 5.40c/lib/libc_v7em_fpv4_sp_d16_hard_t_le_eabi.a(libc2.o)
                0x00003068                __RAL_isctype
 .text.libc.isprint
                0x0000307c        0xa C:/Program Files (x86)/SEGGER/SEGGER Embedded Studio for ARM 5.40c/lib/libc_v7em_fpv4_sp_d16_hard_t_le_eabi.a(libc2.o)
                0x0000307c                isprint
 *fill*         0x00003086        0x2 
 .text.libc.__aeabi_errno_addr
                0x00003088       0x14 C:/Program Files (x86)/SEGGER/SEGGER Embedded Studio for ARM 5.40c/lib/libc_v7em_fpv4_sp_d16_hard_t_le_eabi.a(libc2.o)
                0x00003088                __aeabi_errno_addr
 .text.libc.strnlen
                0x0000309c       0x22 C:/Program Files (x86)/SEGGER/SEGGER Embedded Studio for ARM 5.40c/lib/libc_v7em_fpv4_sp_d16_hard_t_le_eabi.a(libc2.o)
                0x0000309c                strnlen
 .text.libc.vsnprintf
                0x000030be       0x1c C:/Program Files (x86)/SEGGER/SEGGER Embedded Studio for ARM 5.40c/lib/libc_v7em_fpv4_sp_d16_hard_t_le_eabi.a(libc2.o)
                0x000030be                vsnprintf
 .text.libc.memcpy
                0x000030da       0x52 C:/Program Files (x86)/SEGGER/SEGGER Embedded Studio for ARM 5.40c/lib/libc_v7em_fpv4_sp_d16_hard_t_le_eabi.a(libc2_asm.o)
                0x000030da                __aeabi_memcpy
                0x000030da                memcpy
                0x000030e6                __aeabi_memcpy8
                0x000030e6                __aeabi_memcpy4
 .text.libc.memset
                0x0000312c       0x66 C:/Program Files (x86)/SEGGER/SEGGER Embedded Studio for ARM 5.40c/lib/libc_v7em_fpv4_sp_d16_hard_t_le_eabi.a(libc2_asm.o)
                0x0000312c                memset
 .text.libc.strcpy
                0x00003192       0x44 C:/Program Files (x86)/SEGGER/SEGGER Embedded Studio for ARM 5.40c/lib/libc_v7em_fpv4_sp_d16_hard_t_le_eabi.a(libc2_asm.o)
                0x00003192                strcpy
 .text.libc.strlen
                0x000031d6       0x60 C:/Program Files (x86)/SEGGER/SEGGER Embedded Studio for ARM 5.40c/lib/libc_v7em_fpv4_sp_d16_hard_t_le_eabi.a(libc2_asm.o)
                0x000031d6                strlen
 *fill*         0x00003236        0x2 
 .text.libc.__vfprintf_short_float_long
                0x00003238      0xd90 C:/Program Files (x86)/SEGGER/SEGGER Embedded Studio for ARM 5.40c/lib/libc_v7em_fpv4_sp_d16_hard_t_le_eabi.a(libvfprintf.o)
                0x00003238                __vfprintf_short_float_long
 .text.libc.modff
                0x00003fc8       0x5c C:/Program Files (x86)/SEGGER/SEGGER Embedded Studio for ARM 5.40c/lib/libm_v7em_fpv4_sp_d16_hard_t_le_eabi.a(libm2.o)
                0x00003fc8                modf(float, float*)
                0x00003fc8                modff
 .text.libc.fmodf
                0x00004024       0xfc C:/Program Files (x86)/SEGGER/SEGGER Embedded Studio for ARM 5.40c/lib/libm_v7em_fpv4_sp_d16_hard_t_le_eabi.a(libm2.o)
                0x00004024                fmod(float, float)
                0x00004024                fmodf
                0x00004120                __text_end__ = (__text_start__ + SIZEOF (.text))
                0x00003d4c                __text_size__ = SIZEOF (.text)
                0x00004120                __text_load_end__ = __text_end__

.vfp11_veneer   0x00000000        0x0
 .vfp11_veneer  0x00000000        0x0 linker stubs

.v4_bx          0x00000000        0x0
 .v4_bx         0x00000000        0x0 linker stubs

.iplt           0x00000000        0x0
 .iplt          0x00000000        0x0 Output/Release/Obj/twi_scanner_pca10056/thumb_crt0.o
                0x00000001                . = ASSERT (((__text_start__ == __text_end__) || ((__text_end__ - __FLASH_segment_start__) <= __FLASH_segment_size__)), error: .text is too large to fit in FLASH memory segment)
                0x00004120                __log_const_data_load_start__ = ALIGN (__text_end__, 0x4)

.log_const_data
                0x00004120       0x28
                0x00004120                __log_const_data_start__ = .
                0x00004120                __start_log_const_data = __log_const_data_start__
 *(SORT_BY_NAME(.log_const_data*))
 .log_const_data_PRS
                0x00004120        0x8 Output/Release/Obj/twi_scanner_pca10056/nrfx_prs.o
                0x00004120                m_nrf_log_PRS_logs_data_const
 .log_const_data_TWIM
                0x00004128        0x8 Output/Release/Obj/twi_scanner_pca10056/nrfx_twim.o
                0x00004128                m_nrf_log_TWIM_logs_data_const
 .log_const_data_UART
                0x00004130        0x8 Output/Release/Obj/twi_scanner_pca10056/nrfx_uart.o
                0x00004130                m_nrf_log_UART_logs_data_const
 .log_const_data_UARTE
                0x00004138        0x8 Output/Release/Obj/twi_scanner_pca10056/nrfx_uarte.o
                0x00004138                m_nrf_log_UARTE_logs_data_const
 .log_const_data_app
                0x00004140        0x8 Output/Release/Obj/twi_scanner_pca10056/nrf_log_frontend.o
                0x00004140                m_nrf_log_app_logs_data_const
                0x00004148                __log_const_data_end__ = (__log_const_data_start__ + SIZEOF (.log_const_data))
                0x00000028                __log_const_data_size__ = SIZEOF (.log_const_data)
                0x00004148                __stop_log_const_data = __log_const_data_end__
                0x00004148                __log_const_data_load_end__ = __log_const_data_end__
                0x00000001                . = ASSERT (((__log_const_data_start__ == __log_const_data_end__) || ((__log_const_data_end__ - __FLASH_segment_start__) <= __FLASH_segment_size__)), error: .log_const_data is too large to fit in FLASH memory segment)
                0x00004148                __log_backends_load_start__ = ALIGN (__log_const_data_end__, 0x4)

.log_backends   0x00004148       0x10
                0x00004148                __log_backends_start__ = .
                0x00004148                __start_log_backends = __log_backends_start__
 *(SORT_BY_NAME(.log_backends*))
 .log_backends  0x00004148       0x10 Output/Release/Obj/twi_scanner_pca10056/nrf_log_default_backends.o
                0x00004158                __log_backends_end__ = (__log_backends_start__ + SIZEOF (.log_backends))
                0x00000010                __log_backends_size__ = SIZEOF (.log_backends)
                0x00004158                __stop_log_backends = __log_backends_end__
                0x00004158                __log_backends_load_end__ = __log_backends_end__
                0x00000001                . = ASSERT (((__log_backends_start__ == __log_backends_end__) || ((__log_backends_end__ - __FLASH_segment_start__) <= __FLASH_segment_size__)), error: .log_backends is too large to fit in FLASH memory segment)
                0x00004158                __nrf_balloc_load_start__ = ALIGN (__log_backends_end__, 0x4)

.nrf_balloc     0x00004158       0x14
                0x00004158                __nrf_balloc_start__ = .
                0x00004158                __start_nrf_balloc = __nrf_balloc_start__
 *(.nrf_balloc*)
 .nrf_balloc    0x00004158       0x14 Output/Release/Obj/twi_scanner_pca10056/nrf_log_frontend.o
                0x00004158                log_mempool
                0x0000416c                __nrf_balloc_end__ = (__nrf_balloc_start__ + SIZEOF (.nrf_balloc))
                0x00000014                __nrf_balloc_size__ = SIZEOF (.nrf_balloc)
                0x0000416c                __stop_nrf_balloc = __nrf_balloc_end__
                0x0000416c                __nrf_balloc_load_end__ = __nrf_balloc_end__
                0x00000001                . = ASSERT (((__nrf_balloc_start__ == __nrf_balloc_end__) || ((__nrf_balloc_end__ - __FLASH_segment_start__) <= __FLASH_segment_size__)), error: .nrf_balloc is too large to fit in FLASH memory segment)
                0x0000416c                __nrf_sections_load_start__ = ALIGN (__nrf_balloc_end__, 0x4)

.nrf_sections   0x0000416c        0x0
                0x0000416c                __nrf_sections_start__ = .
                0x0000416c                __start_nrf_sections = __nrf_sections_start__
 *(.nrf_sections .nrf_sections.*)
                0x0000416c                __nrf_sections_end__ = (__nrf_sections_start__ + SIZEOF (.nrf_sections))
                0x00000000                __nrf_sections_size__ = SIZEOF (.nrf_sections)
                0x0000416c                __nrf_sections_load_end__ = __nrf_sections_end__
                0x00000001                . = ASSERT (((__nrf_sections_start__ == __nrf_sections_end__) || ((__nrf_sections_end__ - __FLASH_segment_start__) <= __FLASH_segment_size__)), error: .nrf_sections is too large to fit in FLASH memory segment)
                0x0000416c                __log_dynamic_data_load_start__ = ALIGN (__nrf_sections_end__, 0x4)

.log_dynamic_data
                0x20000000        0x0 load address 0x0000416c
                0x20000000                __log_dynamic_data_start__ = .
 *(SORT_BY_NAME(.log_dynamic_data*))
                0x20000000                __log_dynamic_data_end__ = (__log_dynamic_data_start__ + SIZEOF (.log_dynamic_data))
                0x00000000                __log_dynamic_data_size__ = SIZEOF (.log_dynamic_data)
                0x0000416c                __log_dynamic_data_load_end__ = (__log_dynamic_data_load_start__ + SIZEOF (.log_dynamic_data))
                0x00000001                . = ASSERT (((__log_dynamic_data_load_start__ == __log_dynamic_data_load_end__) || ((__log_dynamic_data_load_end__ - __FLASH_segment_start__) <= __FLASH_segment_size__)), error: .log_dynamic_data is too large to fit in FLASH memory segment)

.log_dynamic_data_run
                0x20000000        0x0
                0x20000000                __log_dynamic_data_run_start__ = .
                0x20000000                __start_log_dynamic_data = __log_dynamic_data_run_start__
                0x20000000                . = MAX ((__log_dynamic_data_run_start__ + SIZEOF (.log_dynamic_data)), .)
                0x20000000                __log_dynamic_data_run_end__ = (__log_dynamic_data_run_start__ + SIZEOF (.log_dynamic_data_run))
                0x00000000                __log_dynamic_data_run_size__ = SIZEOF (.log_dynamic_data_run)
                0x20000000                __stop_log_dynamic_data = __log_dynamic_data_run_end__
                0x20000000                __log_dynamic_data_run_load_end__ = __log_dynamic_data_run_end__
                0x00000001                . = ASSERT (((__log_dynamic_data_run_start__ == __log_dynamic_data_run_end__) || ((__log_dynamic_data_run_end__ - __RAM_segment_start__) <= __RAM_segment_size__)), error: .log_dynamic_data_run is too large to fit in RAM memory segment)
                0x0000416c                __log_filter_data_load_start__ = ALIGN ((__log_dynamic_data_load_start__ + SIZEOF (.log_dynamic_data)), 0x4)

.log_filter_data
                0x20000000        0x0 load address 0x0000416c
                0x20000000                __log_filter_data_start__ = .
 *(SORT_BY_NAME(.log_filter_data*))
                0x20000000                __log_filter_data_end__ = (__log_filter_data_start__ + SIZEOF (.log_filter_data))
                0x00000000                __log_filter_data_size__ = SIZEOF (.log_filter_data)
                0x0000416c                __log_filter_data_load_end__ = (__log_filter_data_load_start__ + SIZEOF (.log_filter_data))
                0x00000001                . = ASSERT (((__log_filter_data_load_start__ == __log_filter_data_load_end__) || ((__log_filter_data_load_end__ - __FLASH_segment_start__) <= __FLASH_segment_size__)), error: .log_filter_data is too large to fit in FLASH memory segment)

.log_filter_data_run
                0x20000000        0x0
                0x20000000                __log_filter_data_run_start__ = .
                0x20000000                __start_log_filter_data = __log_filter_data_run_start__
                0x20000000                . = MAX ((__log_filter_data_run_start__ + SIZEOF (.log_filter_data)), .)
                0x20000000                __log_filter_data_run_end__ = (__log_filter_data_run_start__ + SIZEOF (.log_filter_data_run))
                0x00000000                __log_filter_data_run_size__ = SIZEOF (.log_filter_data_run)
                0x20000000                __stop_log_filter_data = __log_filter_data_run_end__
                0x20000000                __log_filter_data_run_load_end__ = __log_filter_data_run_end__
                0x00000001                . = ASSERT (((__log_filter_data_run_start__ == __log_filter_data_run_end__) || ((__log_filter_data_run_end__ - __RAM_segment_start__) <= __RAM_segment_size__)), error: .log_filter_data_run is too large to fit in RAM memory segment)
                0x20000000                __nrf_sections_run_end_load_start__ = ALIGN (__log_filter_data_run_end__, 0x4)

.nrf_sections_run_end
                0x20000000        0x0
                0x20000000                __nrf_sections_run_end_start__ = .
                0x20000000                __end_nrf_sections_run = __nrf_sections_run_end_start__
 *(.nrf_sections_run_end .nrf_sections_run_end.*)
                0x20000000                __nrf_sections_run_end_end__ = (__nrf_sections_run_end_start__ + SIZEOF (.nrf_sections_run_end))
                0x00000000                __nrf_sections_run_end_size__ = SIZEOF (.nrf_sections_run_end)
                0x20000000                __nrf_sections_run_end_load_end__ = __nrf_sections_run_end_end__
                0x00000001                . = ASSERT (((__nrf_sections_run_end_start__ == __nrf_sections_run_end_end__) || ((__nrf_sections_run_end_end__ - __RAM_segment_start__) <= __RAM_segment_size__)), error: .nrf_sections_run_end is too large to fit in RAM memory segment)
                0x0000416c                __dtors_load_start__ = ALIGN ((__log_filter_data_load_start__ + SIZEOF (.log_filter_data)), 0x4)

.dtors          0x0000416c        0x0
                0x0000416c                __dtors_start__ = .
 *(SORT_BY_NAME(.dtors.*))
 *(.dtors)
 *(.fini_array)
 *(SORT_BY_NAME(.fini_array.*))
                0x0000416c                __dtors_end__ = (__dtors_start__ + SIZEOF (.dtors))
                0x00000000                __dtors_size__ = SIZEOF (.dtors)
                0x0000416c                __dtors_load_end__ = __dtors_end__
                0x00000001                . = ASSERT (((__dtors_start__ == __dtors_end__) || ((__dtors_end__ - __FLASH_segment_start__) <= __FLASH_segment_size__)), error: .dtors is too large to fit in FLASH memory segment)
                0x0000416c                __ctors_load_start__ = ALIGN (__dtors_end__, 0x4)

.ctors          0x0000416c        0x0
                0x0000416c                __ctors_start__ = .
 *(SORT_BY_NAME(.ctors.*))
 *(.ctors)
 *(.init_array)
 *(SORT_BY_NAME(.init_array.*))
                0x0000416c                __ctors_end__ = (__ctors_start__ + SIZEOF (.ctors))
                0x00000000                __ctors_size__ = SIZEOF (.ctors)
                0x0000416c                __ctors_load_end__ = __ctors_end__
                0x00000001                . = ASSERT (((__ctors_start__ == __ctors_end__) || ((__ctors_end__ - __FLASH_segment_start__) <= __FLASH_segment_size__)), error: .ctors is too large to fit in FLASH memory segment)
                0x0000416c                __rodata_load_start__ = ALIGN (__ctors_end__, 0x4)

.rodata         0x0000416c      0x55c
                0x0000416c                __rodata_start__ = .
 *(.rodata .rodata.* .gnu.linkonce.r.*)
 .rodata        0x0000416c       0x20 Output/Release/Obj/twi_scanner_pca10056/nrf_log_backend_uart.o
 .rodata.nrf_log_backend_uart_api
                0x0000418c        0xc Output/Release/Obj/twi_scanner_pca10056/nrf_log_backend_uart.o
                0x0000418c                nrf_log_backend_uart_api
 .rodata.str1.1
                0x00004198       0x11 Output/Release/Obj/twi_scanner_pca10056/nrf_log_default_backends.o
 .rodata.nrf_log_frontend_dequeue.str1.1
                0x000041a9       0x11 Output/Release/Obj/twi_scanner_pca10056/nrf_log_frontend.o
 .rodata.str1.1
                0x000041ba        0x4 Output/Release/Obj/twi_scanner_pca10056/nrf_log_frontend.o
 *fill*         0x000041be        0x2 
 .rodata.m_log_push_ringbuf
                0x000041c0        0xc Output/Release/Obj/twi_scanner_pca10056/nrf_log_frontend.o
 .rodata.prefix_process.str1.1
                0x000041cc       0x32 Output/Release/Obj/twi_scanner_pca10056/nrf_log_str_formatter.o
 .rodata.postfix_process.str1.1
                0x000041fe       0x32 Output/Release/Obj/twi_scanner_pca10056/nrf_log_str_formatter.o
                                  0x3 (size before relaxing)
 .rodata.nrf_log_hexdump_entry_process.str1.1
                0x000041fe        0xf Output/Release/Obj/twi_scanner_pca10056/nrf_log_str_formatter.o
                                 0x11 (size before relaxing)
 .rodata.str1.1
                0x0000420d       0x4b Output/Release/Obj/twi_scanner_pca10056/nrf_log_str_formatter.o
                                 0x51 (size before relaxing)
 .rodata.m_colors
                0x00004258       0x24 Output/Release/Obj/twi_scanner_pca10056/nrf_log_str_formatter.o
 .rodata.severity_names
                0x0000427c       0x14 Output/Release/Obj/twi_scanner_pca10056/nrf_log_str_formatter.o
 .rodata.app_error_fault_handler.str1.1
                0x00004290       0x19 Output/Release/Obj/twi_scanner_pca10056/app_error_weak.o
 .rodata._aV2C.0
                0x000042a9       0x10 Output/Release/Obj/twi_scanner_pca10056/nrf_fprintf_format.o
 *fill*         0x000042b9        0x7 
 .rodata.delay_bytecode.0
                0x000042c0        0x6 Output/Release/Obj/twi_scanner_pca10056/nrf_drv_twi.o
 .rodata.str1.1
                0x000042c6        0x4 Output/Release/Obj/twi_scanner_pca10056/nrfx_prs.o
 .rodata.str1.1
                0x000042ca        0x5 Output/Release/Obj/twi_scanner_pca10056/nrfx_twim.o
 *fill*         0x000042cf        0x1 
 .rodata.irq_handlers.0
                0x000042d0        0x8 Output/Release/Obj/twi_scanner_pca10056/nrfx_twim.o
 .rodata.str1.1
                0x000042d8        0x5 Output/Release/Obj/twi_scanner_pca10056/nrfx_uart.o
 .rodata.str1.1
                0x000042dd        0x6 Output/Release/Obj/twi_scanner_pca10056/nrfx_uarte.o
 .rodata.main.str1.1
                0x000042e3       0x5e Output/Release/Obj/twi_scanner_pca10056/main.o
 *fill*         0x00004341        0xf 
 .rodata.delay_bytecode.0
                0x00004350        0x6 Output/Release/Obj/twi_scanner_pca10056/main.o
 *fill*         0x00004356        0x2 
 .rodata.m_twi  0x00004358       0x10 Output/Release/Obj/twi_scanner_pca10056/main.o
 .rodata._DoInit.str1.1
                0x00004368       0x14 Output/Release/Obj/twi_scanner_pca10056/SEGGER_RTT.o
 .rodata.libc.__RAL_find_locale.str1.4
                0x0000437c        0xa C:/Program Files (x86)/SEGGER/SEGGER Embedded Studio for ARM 5.40c/lib/libc_v7em_fpv4_sp_d16_hard_t_le_eabi.a(libc2.o)
 *fill*         0x00004386        0x2 
 .rodata.libc.__RAL_ascii_ctype_map
                0x00004388       0x80 C:/Program Files (x86)/SEGGER/SEGGER Embedded Studio for ARM 5.40c/lib/libc_v7em_fpv4_sp_d16_hard_t_le_eabi.a(libc2.o)
                0x00004388                __RAL_ascii_ctype_map
 .rodata.libc.__RAL_ascii_ctype_mask
                0x00004408        0xd C:/Program Files (x86)/SEGGER/SEGGER Embedded Studio for ARM 5.40c/lib/libc_v7em_fpv4_sp_d16_hard_t_le_eabi.a(libc2.o)
 *fill*         0x00004415        0x3 
 .rodata.libc.__RAL_c_locale
                0x00004418        0xc C:/Program Files (x86)/SEGGER/SEGGER Embedded Studio for ARM 5.40c/lib/libc_v7em_fpv4_sp_d16_hard_t_le_eabi.a(libc2.o)
                0x00004418                __RAL_c_locale
 .rodata.libc.__RAL_c_locale_abbrev_day_names
                0x00004424       0x1d C:/Program Files (x86)/SEGGER/SEGGER Embedded Studio for ARM 5.40c/lib/libc_v7em_fpv4_sp_d16_hard_t_le_eabi.a(libc2.o)
                0x00004424                __RAL_c_locale_abbrev_day_names
 *fill*         0x00004441        0x3 
 .rodata.libc.__RAL_c_locale_abbrev_month_names
                0x00004444       0x31 C:/Program Files (x86)/SEGGER/SEGGER Embedded Studio for ARM 5.40c/lib/libc_v7em_fpv4_sp_d16_hard_t_le_eabi.a(libc2.o)
                0x00004444                __RAL_c_locale_abbrev_month_names
 *fill*         0x00004475        0x3 
 .rodata.libc.__RAL_c_locale_am_pm_indicator
                0x00004478        0x7 C:/Program Files (x86)/SEGGER/SEGGER Embedded Studio for ARM 5.40c/lib/libc_v7em_fpv4_sp_d16_hard_t_le_eabi.a(libc2.o)
                0x00004478                __RAL_c_locale_am_pm_indicator
 *fill*         0x0000447f        0x1 
 .rodata.libc.__RAL_c_locale_data
                0x00004480       0x58 C:/Program Files (x86)/SEGGER/SEGGER Embedded Studio for ARM 5.40c/lib/libc_v7em_fpv4_sp_d16_hard_t_le_eabi.a(libc2.o)
                0x00004480                __RAL_c_locale_data
 .rodata.libc.__RAL_c_locale_date_format
                0x000044d8        0x9 C:/Program Files (x86)/SEGGER/SEGGER Embedded Studio for ARM 5.40c/lib/libc_v7em_fpv4_sp_d16_hard_t_le_eabi.a(libc2.o)
                0x000044d8                __RAL_c_locale_date_format
 *fill*         0x000044e1        0x3 
 .rodata.libc.__RAL_c_locale_date_time_format
                0x000044e4        0xf C:/Program Files (x86)/SEGGER/SEGGER Embedded Studio for ARM 5.40c/lib/libc_v7em_fpv4_sp_d16_hard_t_le_eabi.a(libc2.o)
                0x000044e4                __RAL_c_locale_date_time_format
 *fill*         0x000044f3        0x1 
 .rodata.libc.__RAL_c_locale_day_names
                0x000044f4       0x3a C:/Program Files (x86)/SEGGER/SEGGER Embedded Studio for ARM 5.40c/lib/libc_v7em_fpv4_sp_d16_hard_t_le_eabi.a(libc2.o)
                0x000044f4                __RAL_c_locale_day_names
 *fill*         0x0000452e        0x2 
 .rodata.libc.__RAL_c_locale_month_names
                0x00004530       0x57 C:/Program Files (x86)/SEGGER/SEGGER Embedded Studio for ARM 5.40c/lib/libc_v7em_fpv4_sp_d16_hard_t_le_eabi.a(libc2.o)
                0x00004530                __RAL_c_locale_month_names
 *fill*         0x00004587        0x1 
 .rodata.libc.__RAL_c_locale_time_format
                0x00004588        0x9 C:/Program Files (x86)/SEGGER/SEGGER Embedded Studio for ARM 5.40c/lib/libc_v7em_fpv4_sp_d16_hard_t_le_eabi.a(libc2.o)
                0x00004588                __RAL_c_locale_time_format
 *fill*         0x00004591        0x3 
 .rodata.libc.__RAL_codeset_ascii
                0x00004594       0x20 C:/Program Files (x86)/SEGGER/SEGGER Embedded Studio for ARM 5.40c/lib/libc_v7em_fpv4_sp_d16_hard_t_le_eabi.a(libc2.o)
                0x00004594                __RAL_codeset_ascii
 .rodata.libc.__RAL_data_empty_string
                0x000045b4        0x1 C:/Program Files (x86)/SEGGER/SEGGER Embedded Studio for ARM 5.40c/lib/libc_v7em_fpv4_sp_d16_hard_t_le_eabi.a(libc2.o)
                0x000045b4                __RAL_data_empty_string
 *fill*         0x000045b5        0x3 
 .rodata.libc.__RAL_data_utf8_period
                0x000045b8        0x2 C:/Program Files (x86)/SEGGER/SEGGER Embedded Studio for ARM 5.40c/lib/libc_v7em_fpv4_sp_d16_hard_t_le_eabi.a(libc2.o)
                0x000045b8                __RAL_data_utf8_period
 *fill*         0x000045ba        0x2 
 .rodata.libc.__RAL_hex_lc
                0x000045bc       0x10 C:/Program Files (x86)/SEGGER/SEGGER Embedded Studio for ARM 5.40c/lib/libc_v7em_fpv4_sp_d16_hard_t_le_eabi.a(libc2.o)
                0x000045bc                __RAL_hex_lc
 .rodata.libc.__RAL_hex_uc
                0x000045cc       0x10 C:/Program Files (x86)/SEGGER/SEGGER Embedded Studio for ARM 5.40c/lib/libc_v7em_fpv4_sp_d16_hard_t_le_eabi.a(libc2.o)
                0x000045cc                __RAL_hex_uc
 .rodata.libc.__aeabi_EDOM
                0x000045dc        0x4 C:/Program Files (x86)/SEGGER/SEGGER Embedded Studio for ARM 5.40c/lib/libc_v7em_fpv4_sp_d16_hard_t_le_eabi.a(libc2.o)
                0x000045dc                __aeabi_EDOM
 .rodata.libc.powerf
                0x000045e0       0x18 C:/Program Files (x86)/SEGGER/SEGGER Embedded Studio for ARM 5.40c/lib/libc_v7em_fpv4_sp_d16_hard_t_le_eabi.a(libc2.o)
 .rodata.libc.__vfprintf_int.str1.4
                0x000045f8        0x7 C:/Program Files (x86)/SEGGER/SEGGER Embedded Studio for ARM 5.40c/lib/libc_v7em_fpv4_sp_d16_hard_t_le_eabi.a(libvfprintf.o)
 *fill*         0x000045ff        0x1 
 .rodata.libc.__vfprintf_float_long.str1.4
                0x00004600       0x28 C:/Program Files (x86)/SEGGER/SEGGER Embedded Studio for ARM 5.40c/lib/libc_v7em_fpv4_sp_d16_hard_t_le_eabi.a(libvfprintf.o)
 .rodata.libc.ipow10
                0x00004628       0xa0 C:/Program Files (x86)/SEGGER/SEGGER Embedded Studio for ARM 5.40c/lib/libc_v7em_fpv4_sp_d16_hard_t_le_eabi.a(libvfprintf.o)
                0x000046c8                __rodata_end__ = (__rodata_start__ + SIZEOF (.rodata))
                0x0000055c                __rodata_size__ = SIZEOF (.rodata)
                0x000046c8                __rodata_load_end__ = __rodata_end__

.rel.dyn        0x000046c8        0x0
 .rel.iplt      0x000046c8        0x0 Output/Release/Obj/twi_scanner_pca10056/thumb_crt0.o
                0x00000001                . = ASSERT (((__rodata_start__ == __rodata_end__) || ((__rodata_end__ - __FLASH_segment_start__) <= __FLASH_segment_size__)), error: .rodata is too large to fit in FLASH memory segment)
                0x000046c8                __ARM.exidx_load_start__ = ALIGN (__rodata_end__, 0x4)

.ARM.exidx      0x000046c8        0x0
                0x000046c8                __ARM.exidx_start__ = .
                0x000046c8                __exidx_start = __ARM.exidx_start__
 *(.ARM.exidx .ARM.exidx.*)
                0x000046c8                __ARM.exidx_end__ = (__ARM.exidx_start__ + SIZEOF (.ARM.exidx))
                0x00000000                __ARM.exidx_size__ = SIZEOF (.ARM.exidx)
                0x000046c8                __exidx_end = __ARM.exidx_end__
                0x000046c8                __ARM.exidx_load_end__ = __ARM.exidx_end__
                0x00000001                . = ASSERT (((__ARM.exidx_start__ == __ARM.exidx_end__) || ((__ARM.exidx_end__ - __FLASH_segment_start__) <= __FLASH_segment_size__)), error: .ARM.exidx is too large to fit in FLASH memory segment)
                0x000046c8                __fast_load_start__ = ALIGN (__ARM.exidx_end__, 0x4)

.fast           0x20000000        0x0 load address 0x000046c8
                0x20000000                __fast_start__ = .
 *(.fast .fast.*)
                0x20000000                __fast_end__ = (__fast_start__ + SIZEOF (.fast))
                0x00000000                __fast_size__ = SIZEOF (.fast)
                0x000046c8                __fast_load_end__ = (__fast_load_start__ + SIZEOF (.fast))
                0x00000001                . = ASSERT (((__fast_load_start__ == __fast_load_end__) || ((__fast_load_end__ - __FLASH_segment_start__) <= __FLASH_segment_size__)), error: .fast is too large to fit in FLASH memory segment)

.fast_run       0x20000000        0x0
                0x20000000                __fast_run_start__ = .
                0x20000000                . = MAX ((__fast_run_start__ + SIZEOF (.fast)), .)
                0x20000000                __fast_run_end__ = (__fast_run_start__ + SIZEOF (.fast_run))
                0x00000000                __fast_run_size__ = SIZEOF (.fast_run)
                0x20000000                __fast_run_load_end__ = __fast_run_end__
                0x00000001                . = ASSERT (((__fast_run_start__ == __fast_run_end__) || ((__fast_run_end__ - __RAM_segment_start__) <= __RAM_segment_size__)), error: .fast_run is too large to fit in RAM memory segment)
                0x000046c8                __data_load_start__ = ALIGN ((__fast_load_start__ + SIZEOF (.fast)), 0x4)

.data           0x20000000       0x34 load address 0x000046c8
                0x20000000                __data_start__ = .
 *(.data .data.* .gnu.linkonce.d.*)
 .data.m_uart   0x20000000       0x14 Output/Release/Obj/twi_scanner_pca10056/nrf_log_backend_uart.o
                0x20000000                m_uart
 .data.log_backend_cb_uart_log_backend
                0x20000014        0x8 Output/Release/Obj/twi_scanner_pca10056/nrf_log_default_backends.o
 .data.SystemCoreClock
                0x2000001c        0x4 Output/Release/Obj/twi_scanner_pca10056/system_nrf52840.o
                0x2000001c                SystemCoreClock
 .data.libc.__RAL_global_locale
                0x20000020       0x14 C:/Program Files (x86)/SEGGER/SEGGER Embedded Studio for ARM 5.40c/lib/libc_v7em_fpv4_sp_d16_hard_t_le_eabi.a(libc2.o)
                0x20000020                __RAL_global_locale
                0x20000034                __data_end__ = (__data_start__ + SIZEOF (.data))
                0x00000034                __data_size__ = SIZEOF (.data)
                0x000046fc                __data_load_end__ = (__data_load_start__ + SIZEOF (.data))

.igot.plt       0x00000000        0x0
 .igot.plt      0x00000000        0x0 Output/Release/Obj/twi_scanner_pca10056/thumb_crt0.o
                0x00000001                . = ASSERT (((__data_load_start__ == __data_load_end__) || ((__data_load_end__ - __FLASH_segment_start__) <= __FLASH_segment_size__)), error: .data is too large to fit in FLASH memory segment)

.data_run       0x20000000       0x34 load address 0x000046c8
                0x20000000                __data_run_start__ = .
                0x20000034                . = MAX ((__data_run_start__ + SIZEOF (.data)), .)
 *fill*         0x20000000       0x34 
                0x20000034                __data_run_end__ = (__data_run_start__ + SIZEOF (.data_run))
                0x00000034                __data_run_size__ = SIZEOF (.data_run)
                0x20000034                __data_run_load_end__ = __data_run_end__
                0x00000001                . = ASSERT (((__data_run_start__ == __data_run_end__) || ((__data_run_end__ - __RAM_segment_start__) <= __RAM_segment_size__)), error: .data_run is too large to fit in RAM memory segment)
                0x000046fc                __tdata_load_start__ = ALIGN ((__data_load_start__ + SIZEOF (.data)), 0x4)

.tdata          0x20000034        0x0 load address 0x000046fc
                0x20000034                __tdata_start__ = .
 *(.tdata .tdata.*)
                0x20000034                __tdata_end__ = (__tdata_start__ + SIZEOF (.tdata))
                0x00000000                __tdata_size__ = SIZEOF (.tdata)
                0x000046fc                __tdata_load_end__ = (__tdata_load_start__ + SIZEOF (.tdata))
                0x000046fc                __FLASH_segment_used_end__ = (ALIGN ((__data_load_start__ + SIZEOF (.data)), 0x4) + SIZEOF (.tdata))
                0x000046fc                __FLASH_segment_used_size__ = (__FLASH_segment_used_end__ - __FLASH_segment_start__)
                0x00000001                . = ASSERT (((__tdata_load_start__ == __tdata_load_end__) || ((__tdata_load_end__ - __FLASH_segment_start__) <= __FLASH_segment_size__)), error: .tdata is too large to fit in FLASH memory segment)

.tdata_run      0x20000034        0x0
                0x20000034                __tdata_run_start__ = .
                0x20000034                . = MAX ((__tdata_run_start__ + SIZEOF (.tdata)), .)
                0x20000034                __tdata_run_end__ = (__tdata_run_start__ + SIZEOF (.tdata_run))
                0x00000000                __tdata_run_size__ = SIZEOF (.tdata_run)
                0x20000034                __tdata_run_load_end__ = __tdata_run_end__
                0x00000001                . = ASSERT (((__tdata_run_start__ == __tdata_run_end__) || ((__tdata_run_end__ - __RAM_segment_start__) <= __RAM_segment_size__)), error: .tdata_run is too large to fit in RAM memory segment)
                0x20000034                __bss_load_start__ = ALIGN (__tdata_run_end__, 0x4)

.bss            0x20000034      0xb4c
                0x20000034                __bss_start__ = .
 *(.bss .bss.* .gnu.linkonce.b.*)
 .bss.m_async_mode
                0x20000034        0x1 Output/Release/Obj/twi_scanner_pca10056/nrf_log_backend_uart.o
 .bss.m_string_buff
                0x20000035       0x40 Output/Release/Obj/twi_scanner_pca10056/nrf_log_backend_uart.o
 .bss.m_xfer_done
                0x20000075        0x1 Output/Release/Obj/twi_scanner_pca10056/nrf_log_backend_uart.o
 *fill*         0x20000076        0x2 
 .bss.log_mempool_nrf_balloc_cb
                0x20000078        0x8 Output/Release/Obj/twi_scanner_pca10056/nrf_log_frontend.o
 .bss.log_mempool_nrf_balloc_pool_mem
                0x20000080       0xc0 Output/Release/Obj/twi_scanner_pca10056/nrf_log_frontend.o
 .bss.log_mempool_nrf_balloc_pool_stack
                0x20000140        0x8 Output/Release/Obj/twi_scanner_pca10056/nrf_log_frontend.o
 .bss.m_log_data
                0x20000148      0x424 Output/Release/Obj/twi_scanner_pca10056/nrf_log_frontend.o
 .bss.m_log_push_ringbuf_buf
                0x2000056c       0x80 Output/Release/Obj/twi_scanner_pca10056/nrf_log_frontend.o
 .bss.m_log_push_ringbuf_cb
                0x200005ec       0x18 Output/Release/Obj/twi_scanner_pca10056/nrf_log_frontend.o
 .bss.m_in_critical_region
                0x20000604        0x4 Output/Release/Obj/twi_scanner_pca10056/app_util_platform.o
 .bss.m_contexts
                0x20000608        0x8 Output/Release/Obj/twi_scanner_pca10056/nrf_drv_twi.o
 .bss.m_handlers
                0x20000610        0x8 Output/Release/Obj/twi_scanner_pca10056/nrf_drv_twi.o
 .bss.m_contexts
                0x20000618        0x8 Output/Release/Obj/twi_scanner_pca10056/nrf_drv_uart.o
 .bss.m_handlers
                0x20000620        0x8 Output/Release/Obj/twi_scanner_pca10056/nrf_drv_uart.o
 .bss.nrf_drv_uart_use_easy_dma
                0x20000628        0x2 Output/Release/Obj/twi_scanner_pca10056/nrf_drv_uart.o
                0x20000628                nrf_drv_uart_use_easy_dma
 *fill*         0x2000062a        0x2 
 .bss.m_prs_box_4
                0x2000062c        0x8 Output/Release/Obj/twi_scanner_pca10056/nrfx_prs.o
 .bss.m_cb      0x20000634       0x68 Output/Release/Obj/twi_scanner_pca10056/nrfx_twim.o
 .bss.m_cb      0x2000069c       0x2c Output/Release/Obj/twi_scanner_pca10056/nrfx_uart.o
 .bss.m_cb      0x200006c8       0x24 Output/Release/Obj/twi_scanner_pca10056/nrfx_uarte.o
 .bss.max1726x_ez_config
                0x200006ec        0x8 Output/Release/Obj/twi_scanner_pca10056/main.o
                0x200006ec                max1726x_ez_config
 .bss.max1726x_regs
                0x200006f4      0x200 Output/Release/Obj/twi_scanner_pca10056/main.o
                0x200006f4                max1726x_regs
 .bss._SEGGER_RTT
                0x200008f4       0x78 Output/Release/Obj/twi_scanner_pca10056/SEGGER_RTT.o
                0x200008f4                _SEGGER_RTT
 .bss._acDownBuffer
                0x2000096c       0x10 Output/Release/Obj/twi_scanner_pca10056/SEGGER_RTT.o
 .bss._acUpBuffer
                0x2000097c      0x200 Output/Release/Obj/twi_scanner_pca10056/SEGGER_RTT.o
 .bss.libc.__user_format_extender
                0x20000b7c        0x4 C:/Program Files (x86)/SEGGER/SEGGER Embedded Studio for ARM 5.40c/lib/libc_v7em_fpv4_sp_d16_hard_t_le_eabi.a(libc2.o)
                0x20000b7c                __user_format_extender
 *(COMMON)
                0x20000b80                __bss_end__ = (__bss_start__ + SIZEOF (.bss))
                0x00000b4c                __bss_size__ = SIZEOF (.bss)
                0x20000b80                __bss_load_end__ = __bss_end__
                0x00000001                . = ASSERT (((__bss_start__ == __bss_end__) || ((__bss_end__ - __RAM_segment_start__) <= __RAM_segment_size__)), error: .bss is too large to fit in RAM memory segment)
                0x20000b80                __tbss_load_start__ = ALIGN (__bss_end__, 0x4)

.tbss           0x20000b80        0x4
                0x20000b80                __tbss_start__ = .
 *(.tbss .tbss.*)
 .tbss.errno_val
                0x20000b80        0x4 C:/Program Files (x86)/SEGGER/SEGGER Embedded Studio for ARM 5.40c/lib/libc_v7em_fpv4_sp_d16_hard_t_le_eabi.a(libc2.o)
                0x20000b84                __tbss_end__ = (__tbss_start__ + SIZEOF (.tbss))
                0x00000004                __tbss_size__ = SIZEOF (.tbss)
                0x20000b84                __tbss_load_end__ = __tbss_end__
                0x00000001                . = ASSERT (((__tbss_start__ == __tbss_end__) || ((__tbss_end__ - __RAM_segment_start__) <= __RAM_segment_size__)), error: .tbss is too large to fit in RAM memory segment)
                0x20000b84                __non_init_load_start__ = ALIGN (__tbss_end__, 0x4)

.non_init       0x20000b84        0x0
                0x20000b84                __non_init_start__ = .
 *(.non_init .non_init.*)
                0x20000b84                __non_init_end__ = (__non_init_start__ + SIZEOF (.non_init))
                0x00000000                __non_init_size__ = SIZEOF (.non_init)
                0x20000b84                __non_init_load_end__ = __non_init_end__
                0x00000001                . = ASSERT (((__non_init_start__ == __non_init_end__) || ((__non_init_end__ - __RAM_segment_start__) <= __RAM_segment_size__)), error: .non_init is too large to fit in RAM memory segment)
                0x20000b84                __heap_load_start__ = ALIGN (__non_init_end__, 0x4)

.heap           0x20000b84     0x2000
                0x20000b84                __heap_start__ = .
 *(.heap .heap.*)
                0x20002b84                . = ALIGN (MAX ((__heap_start__ + __HEAPSIZE__), .), 0x4)
 *fill*         0x20000b84     0x2000 
                0x20002b84                __heap_end__ = (__heap_start__ + SIZEOF (.heap))
                0x00002000                __heap_size__ = SIZEOF (.heap)
                0x20002b84                __heap_load_end__ = __heap_end__
                0x00000001                . = ASSERT (((__heap_start__ == __heap_end__) || ((__heap_end__ - __RAM_segment_start__) <= __RAM_segment_size__)), error: .heap is too large to fit in RAM memory segment)
                0x2003e000                __stack_load_start__ = (__RAM_segment_start__ + (__RAM_segment_size__ - 0x2000))

.stack          0x2003e000     0x2000
                0x2003e000                __stack_start__ = .
                0x2003e000                __StackLimit = __stack_start__
 *(.stack .stack.*)
                0x20040000                . = ALIGN (MAX ((__stack_start__ + __STACKSIZE__), .), 0x8)
 *fill*         0x2003e000     0x2000 
                0x20040000                __stack_end__ = (__stack_start__ + SIZEOF (.stack))
                0x00002000                __stack_size__ = SIZEOF (.stack)
                0x20040000                __StackTop = __stack_end__
                0x20040000                __stack_load_end__ = __stack_end__
                0x00000001                . = ASSERT (((__stack_start__ == __stack_end__) || ((__stack_end__ - __RAM_segment_start__) <= __RAM_segment_size__)), error: .stack is too large to fit in RAM memory segment)
                0x00000001                . = ASSERT ((__heap_end__ <= __stack_start__), error: section .heap overlaps absolute placed section .stack)
                0x20040000                __stack_process_load_start__ = ALIGN (__stack_end__, 0x8)

.stack_process  0x20040000        0x0
                0x20040000                __stack_process_start__ = .
 *(.stack_process .stack_process.*)
                0x20040000                . = ALIGN (MAX ((__stack_process_start__ + __STACKSIZE_PROCESS__), .), 0x8)
                0x20040000                __stack_process_end__ = (__stack_process_start__ + SIZEOF (.stack_process))
                0x00000000                __stack_process_size__ = SIZEOF (.stack_process)
                0x20040000                __stack_process_load_end__ = __stack_process_end__
                0x20040000                __RAM_segment_used_end__ = (ALIGN (__stack_end__, 0x8) + SIZEOF (.stack_process))
                0x00040000                __RAM_segment_used_size__ = (__RAM_segment_used_end__ - __RAM_segment_start__)
                0x00000001                . = ASSERT (((__stack_process_start__ == __stack_process_end__) || ((__stack_process_end__ - __RAM_segment_start__) <= __RAM_segment_size__)), error: .stack_process is too large to fit in RAM memory segment)
START GROUP
LOAD Output/Release/Obj/twi_scanner_pca10056/thumb_crt0.o
LOAD Output/Release/Obj/twi_scanner_pca10056/nrf_log_backend_rtt.o
LOAD Output/Release/Obj/twi_scanner_pca10056/nrf_log_backend_serial.o
LOAD Output/Release/Obj/twi_scanner_pca10056/nrf_log_backend_uart.o
LOAD Output/Release/Obj/twi_scanner_pca10056/nrf_log_default_backends.o
LOAD Output/Release/Obj/twi_scanner_pca10056/nrf_log_frontend.o
LOAD Output/Release/Obj/twi_scanner_pca10056/nrf_log_str_formatter.o
LOAD Output/Release/Obj/twi_scanner_pca10056/boards.o
LOAD Output/Release/Obj/twi_scanner_pca10056/app_error.o
LOAD Output/Release/Obj/twi_scanner_pca10056/app_error_handler_gcc.o
LOAD Output/Release/Obj/twi_scanner_pca10056/app_error_weak.o
LOAD Output/Release/Obj/twi_scanner_pca10056/app_util_platform.o
LOAD Output/Release/Obj/twi_scanner_pca10056/nrf_assert.o
LOAD Output/Release/Obj/twi_scanner_pca10056/nrf_atomic.o
LOAD Output/Release/Obj/twi_scanner_pca10056/nrf_balloc.o
LOAD Output/Release/Obj/twi_scanner_pca10056/nrf_fprintf.o
LOAD Output/Release/Obj/twi_scanner_pca10056/nrf_fprintf_format.o
LOAD Output/Release/Obj/twi_scanner_pca10056/nrf_memobj.o
LOAD Output/Release/Obj/twi_scanner_pca10056/nrf_ringbuf.o
LOAD Output/Release/Obj/twi_scanner_pca10056/nrf_strerror.o
LOAD Output/Release/Obj/twi_scanner_pca10056/nrf_drv_twi.o
LOAD Output/Release/Obj/twi_scanner_pca10056/nrf_drv_uart.o
LOAD Output/Release/Obj/twi_scanner_pca10056/nrfx_prs.o
LOAD Output/Release/Obj/twi_scanner_pca10056/nrfx_twi.o
LOAD Output/Release/Obj/twi_scanner_pca10056/nrfx_twim.o
LOAD Output/Release/Obj/twi_scanner_pca10056/nrfx_uart.o
LOAD Output/Release/Obj/twi_scanner_pca10056/nrfx_uarte.o
LOAD Output/Release/Obj/twi_scanner_pca10056/main.o
LOAD Output/Release/Obj/twi_scanner_pca10056/max1762x.o
LOAD Output/Release/Obj/twi_scanner_pca10056/SEGGER_RTT.o
LOAD Output/Release/Obj/twi_scanner_pca10056/SEGGER_RTT_Syscalls_SES.o
LOAD Output/Release/Obj/twi_scanner_pca10056/SEGGER_RTT_printf.o
LOAD Output/Release/Obj/twi_scanner_pca10056/ses_startup_nrf52840.o
LOAD Output/Release/Obj/twi_scanner_pca10056/ses_startup_nrf_common.o
LOAD Output/Release/Obj/twi_scanner_pca10056/system_nrf52840.o
LOAD C:/Users/denny/AppData/Local/SEGGER/SEGGER Embedded Studio/v3/packages/libraries/libcxx/lib/libcxx_noexcept_v7em_fpv4_sp_d16_hard_t_le_eabi.a
LOAD C:/Program Files (x86)/SEGGER/SEGGER Embedded Studio for ARM 5.40c/lib/libm_v7em_fpv4_sp_d16_hard_t_le_eabi.a
LOAD C:/Program Files (x86)/SEGGER/SEGGER Embedded Studio for ARM 5.40c/lib/libc_v7em_fpv4_sp_d16_hard_t_le_eabi.a
LOAD C:/Program Files (x86)/SEGGER/SEGGER Embedded Studio for ARM 5.40c/lib/libdebugio_v7em_fpv4_sp_d16_hard_t_le_eabi.a
END GROUP
OUTPUT(Output/Release/Exe/twi_scanner_pca10056.elf elf32-littlearm)
LOAD linker stubs

.ARM.attributes
                0x00000000       0x35
 .ARM.attributes
                0x00000000       0x25 Output/Release/Obj/twi_scanner_pca10056/thumb_crt0.o
 .ARM.attributes
                0x00000025       0x39 Output/Release/Obj/twi_scanner_pca10056/nrf_log_backend_serial.o
 .ARM.attributes
                0x0000005e       0x39 Output/Release/Obj/twi_scanner_pca10056/nrf_log_backend_uart.o
 .ARM.attributes
                0x00000097       0x39 Output/Release/Obj/twi_scanner_pca10056/nrf_log_default_backends.o
 .ARM.attributes
                0x000000d0       0x39 Output/Release/Obj/twi_scanner_pca10056/nrf_log_frontend.o
 .ARM.attributes
                0x00000109       0x39 Output/Release/Obj/twi_scanner_pca10056/nrf_log_str_formatter.o
 .ARM.attributes
                0x00000142       0x39 Output/Release/Obj/twi_scanner_pca10056/app_error.o
 .ARM.attributes
                0x0000017b       0x39 Output/Release/Obj/twi_scanner_pca10056/app_error_weak.o
 .ARM.attributes
                0x000001b4       0x39 Output/Release/Obj/twi_scanner_pca10056/app_util_platform.o
 .ARM.attributes
                0x000001ed       0x39 Output/Release/Obj/twi_scanner_pca10056/nrf_atomic.o
 .ARM.attributes
                0x00000226       0x39 Output/Release/Obj/twi_scanner_pca10056/nrf_balloc.o
 .ARM.attributes
                0x0000025f       0x39 Output/Release/Obj/twi_scanner_pca10056/nrf_fprintf.o
 .ARM.attributes
                0x00000298       0x39 Output/Release/Obj/twi_scanner_pca10056/nrf_fprintf_format.o
 .ARM.attributes
                0x000002d1       0x39 Output/Release/Obj/twi_scanner_pca10056/nrf_memobj.o
 .ARM.attributes
                0x0000030a       0x39 Output/Release/Obj/twi_scanner_pca10056/nrf_ringbuf.o
 .ARM.attributes
                0x00000343       0x39 Output/Release/Obj/twi_scanner_pca10056/nrf_drv_twi.o
 .ARM.attributes
                0x0000037c       0x39 Output/Release/Obj/twi_scanner_pca10056/nrf_drv_uart.o
 .ARM.attributes
                0x000003b5       0x39 Output/Release/Obj/twi_scanner_pca10056/nrfx_prs.o
 .ARM.attributes
                0x000003ee       0x39 Output/Release/Obj/twi_scanner_pca10056/nrfx_twim.o
 .ARM.attributes
                0x00000427       0x39 Output/Release/Obj/twi_scanner_pca10056/nrfx_uart.o
 .ARM.attributes
                0x00000460       0x39 Output/Release/Obj/twi_scanner_pca10056/nrfx_uarte.o
 .ARM.attributes
                0x00000499       0x39 Output/Release/Obj/twi_scanner_pca10056/main.o
 .ARM.attributes
                0x000004d2       0x39 Output/Release/Obj/twi_scanner_pca10056/SEGGER_RTT.o
 .ARM.attributes
                0x0000050b       0x39 Output/Release/Obj/twi_scanner_pca10056/SEGGER_RTT_Syscalls_SES.o
 .ARM.attributes
                0x00000544       0x25 Output/Release/Obj/twi_scanner_pca10056/ses_startup_nrf52840.o
 .ARM.attributes
                0x00000569       0x25 Output/Release/Obj/twi_scanner_pca10056/ses_startup_nrf_common.o
 .ARM.attributes
                0x0000058e       0x39 Output/Release/Obj/twi_scanner_pca10056/system_nrf52840.o
 .ARM.attributes
                0x000005c7       0x20 C:/Program Files (x86)/SEGGER/SEGGER Embedded Studio for ARM 5.40c/lib/libm_v7em_fpv4_sp_d16_hard_t_le_eabi.a(libm_asm.o)
 .ARM.attributes
                0x000005e7       0x34 C:/Program Files (x86)/SEGGER/SEGGER Embedded Studio for ARM 5.40c/lib/libc_v7em_fpv4_sp_d16_hard_t_le_eabi.a(libc2.o)
 .ARM.attributes
                0x0000061b       0x20 C:/Program Files (x86)/SEGGER/SEGGER Embedded Studio for ARM 5.40c/lib/libc_v7em_fpv4_sp_d16_hard_t_le_eabi.a(libc2_asm.o)
 .ARM.attributes
                0x0000063b       0x34 C:/Program Files (x86)/SEGGER/SEGGER Embedded Studio for ARM 5.40c/lib/libc_v7em_fpv4_sp_d16_hard_t_le_eabi.a(libvfprintf.o)
 .ARM.attributes
                0x0000066f       0x34 C:/Program Files (x86)/SEGGER/SEGGER Embedded Studio for ARM 5.40c/lib/libm_v7em_fpv4_sp_d16_hard_t_le_eabi.a(libm2.o)

.comment        0x00000000       0x25
 .comment       0x00000000       0x25 Output/Release/Obj/twi_scanner_pca10056/nrf_log_backend_serial.o
                                 0x26 (size before relaxing)
 .comment       0x00000025       0x26 Output/Release/Obj/twi_scanner_pca10056/nrf_log_backend_uart.o
 .comment       0x00000025       0x26 Output/Release/Obj/twi_scanner_pca10056/nrf_log_default_backends.o
 .comment       0x00000025       0x26 Output/Release/Obj/twi_scanner_pca10056/nrf_log_frontend.o
 .comment       0x00000025       0x26 Output/Release/Obj/twi_scanner_pca10056/nrf_log_str_formatter.o
 .comment       0x00000025       0x26 Output/Release/Obj/twi_scanner_pca10056/app_error.o
 .comment       0x00000025       0x26 Output/Release/Obj/twi_scanner_pca10056/app_error_weak.o
 .comment       0x00000025       0x26 Output/Release/Obj/twi_scanner_pca10056/app_util_platform.o
 .comment       0x00000025       0x26 Output/Release/Obj/twi_scanner_pca10056/nrf_atomic.o
 .comment       0x00000025       0x26 Output/Release/Obj/twi_scanner_pca10056/nrf_balloc.o
 .comment       0x00000025       0x26 Output/Release/Obj/twi_scanner_pca10056/nrf_fprintf.o
 .comment       0x00000025       0x26 Output/Release/Obj/twi_scanner_pca10056/nrf_fprintf_format.o
 .comment       0x00000025       0x26 Output/Release/Obj/twi_scanner_pca10056/nrf_memobj.o
 .comment       0x00000025       0x26 Output/Release/Obj/twi_scanner_pca10056/nrf_ringbuf.o
 .comment       0x00000025       0x26 Output/Release/Obj/twi_scanner_pca10056/nrf_drv_twi.o
 .comment       0x00000025       0x26 Output/Release/Obj/twi_scanner_pca10056/nrf_drv_uart.o
 .comment       0x00000025       0x26 Output/Release/Obj/twi_scanner_pca10056/nrfx_prs.o
 .comment       0x00000025       0x26 Output/Release/Obj/twi_scanner_pca10056/nrfx_twim.o
 .comment       0x00000025       0x26 Output/Release/Obj/twi_scanner_pca10056/nrfx_uart.o
 .comment       0x00000025       0x26 Output/Release/Obj/twi_scanner_pca10056/nrfx_uarte.o
 .comment       0x00000025       0x26 Output/Release/Obj/twi_scanner_pca10056/main.o
 .comment       0x00000025       0x26 Output/Release/Obj/twi_scanner_pca10056/SEGGER_RTT.o
 .comment       0x00000025       0x26 Output/Release/Obj/twi_scanner_pca10056/SEGGER_RTT_Syscalls_SES.o
 .comment       0x00000025       0x26 Output/Release/Obj/twi_scanner_pca10056/system_nrf52840.o
 .comment       0x00000025       0x26 C:/Program Files (x86)/SEGGER/SEGGER Embedded Studio for ARM 5.40c/lib/libc_v7em_fpv4_sp_d16_hard_t_le_eabi.a(libc2.o)
 .comment       0x00000025       0x26 C:/Program Files (x86)/SEGGER/SEGGER Embedded Studio for ARM 5.40c/lib/libc_v7em_fpv4_sp_d16_hard_t_le_eabi.a(libvfprintf.o)
 .comment       0x00000025       0x26 C:/Program Files (x86)/SEGGER/SEGGER Embedded Studio for ARM 5.40c/lib/libm_v7em_fpv4_sp_d16_hard_t_le_eabi.a(libm2.o)

.debug_line     0x00000000     0xfd51
 .debug_line    0x00000000      0x225 Output/Release/Obj/twi_scanner_pca10056/thumb_crt0.o
 .debug_line    0x00000225      0x771 Output/Release/Obj/twi_scanner_pca10056/nrf_log_backend_serial.o
 .debug_line    0x00000996      0xa0d Output/Release/Obj/twi_scanner_pca10056/nrf_log_backend_uart.o
 .debug_line    0x000013a3      0x669 Output/Release/Obj/twi_scanner_pca10056/nrf_log_default_backends.o
 .debug_line    0x00001a0c     0x1364 Output/Release/Obj/twi_scanner_pca10056/nrf_log_frontend.o
 .debug_line    0x00002d70      0x868 Output/Release/Obj/twi_scanner_pca10056/nrf_log_str_formatter.o
 .debug_line    0x000035d8      0x43f Output/Release/Obj/twi_scanner_pca10056/app_error.o
 .debug_line    0x00003a17      0x7a0 Output/Release/Obj/twi_scanner_pca10056/app_error_weak.o
 .debug_line    0x000041b7      0x4bd Output/Release/Obj/twi_scanner_pca10056/app_util_platform.o
 .debug_line    0x00004674      0x732 Output/Release/Obj/twi_scanner_pca10056/nrf_atomic.o
 .debug_line    0x00004da6      0x74e Output/Release/Obj/twi_scanner_pca10056/nrf_balloc.o
 .debug_line    0x000054f4      0x46e Output/Release/Obj/twi_scanner_pca10056/nrf_fprintf.o
 .debug_line    0x00005962      0x8cc Output/Release/Obj/twi_scanner_pca10056/nrf_fprintf_format.o
 .debug_line    0x0000622e      0x8a2 Output/Release/Obj/twi_scanner_pca10056/nrf_memobj.o
 .debug_line    0x00006ad0      0x806 Output/Release/Obj/twi_scanner_pca10056/nrf_ringbuf.o
 .debug_line    0x000072d6      0x929 Output/Release/Obj/twi_scanner_pca10056/nrf_drv_twi.o
 .debug_line    0x00007bff      0x707 Output/Release/Obj/twi_scanner_pca10056/nrf_drv_uart.o
 .debug_line    0x00008306      0x7c3 Output/Release/Obj/twi_scanner_pca10056/nrfx_prs.o
 .debug_line    0x00008ac9     0x166e Output/Release/Obj/twi_scanner_pca10056/nrfx_twim.o
 .debug_line    0x0000a137     0x17db Output/Release/Obj/twi_scanner_pca10056/nrfx_uart.o
 .debug_line    0x0000b912     0x15e6 Output/Release/Obj/twi_scanner_pca10056/nrfx_uarte.o
 .debug_line    0x0000cef8      0xfd6 Output/Release/Obj/twi_scanner_pca10056/main.o
 .debug_line    0x0000dece     0x12fc Output/Release/Obj/twi_scanner_pca10056/SEGGER_RTT.o
 .debug_line    0x0000f1ca      0x4e2 Output/Release/Obj/twi_scanner_pca10056/SEGGER_RTT_Syscalls_SES.o
 .debug_line    0x0000f6ac       0x81 Output/Release/Obj/twi_scanner_pca10056/ses_startup_nrf52840.o
 .debug_line    0x0000f72d       0xa2 Output/Release/Obj/twi_scanner_pca10056/ses_startup_nrf_common.o
 .debug_line    0x0000f7cf      0x582 Output/Release/Obj/twi_scanner_pca10056/system_nrf52840.o

.debug_info     0x00000000    0x182b6
 .debug_info    0x00000000       0x22 Output/Release/Obj/twi_scanner_pca10056/thumb_crt0.o
 .debug_info    0x00000022      0x77b Output/Release/Obj/twi_scanner_pca10056/nrf_log_backend_serial.o
 .debug_info    0x0000079d     0x1161 Output/Release/Obj/twi_scanner_pca10056/nrf_log_backend_uart.o
 .debug_info    0x000018fe      0x2df Output/Release/Obj/twi_scanner_pca10056/nrf_log_default_backends.o
 .debug_info    0x00001bdd     0x2383 Output/Release/Obj/twi_scanner_pca10056/nrf_log_frontend.o
 .debug_info    0x00003f60      0x7a6 Output/Release/Obj/twi_scanner_pca10056/nrf_log_str_formatter.o
 .debug_info    0x00004706      0x2b0 Output/Release/Obj/twi_scanner_pca10056/app_error.o
 .debug_info    0x000049b6      0x4c1 Output/Release/Obj/twi_scanner_pca10056/app_error_weak.o
 .debug_info    0x00004e77      0x7a1 Output/Release/Obj/twi_scanner_pca10056/app_util_platform.o
 .debug_info    0x00005618      0x933 Output/Release/Obj/twi_scanner_pca10056/nrf_atomic.o
 .debug_info    0x00005f4b      0x3a6 Output/Release/Obj/twi_scanner_pca10056/nrf_balloc.o
 .debug_info    0x000062f1      0x233 Output/Release/Obj/twi_scanner_pca10056/nrf_fprintf.o
 .debug_info    0x00006524      0x70b Output/Release/Obj/twi_scanner_pca10056/nrf_fprintf_format.o
 .debug_info    0x00006c2f      0x8bc Output/Release/Obj/twi_scanner_pca10056/nrf_memobj.o
 .debug_info    0x000074eb      0x623 Output/Release/Obj/twi_scanner_pca10056/nrf_ringbuf.o
 .debug_info    0x00007b0e     0x14d1 Output/Release/Obj/twi_scanner_pca10056/nrf_drv_twi.o
 .debug_info    0x00008fdf     0x11bb Output/Release/Obj/twi_scanner_pca10056/nrf_drv_uart.o
 .debug_info    0x0000a19a      0x7c8 Output/Release/Obj/twi_scanner_pca10056/nrfx_prs.o
 .debug_info    0x0000a962     0x2e4f Output/Release/Obj/twi_scanner_pca10056/nrfx_twim.o
 .debug_info    0x0000d7b1     0x30bd Output/Release/Obj/twi_scanner_pca10056/nrfx_uart.o
 .debug_info    0x0001086e     0x2fa5 Output/Release/Obj/twi_scanner_pca10056/nrfx_uarte.o
 .debug_info    0x00013813     0x1cbc Output/Release/Obj/twi_scanner_pca10056/main.o
 .debug_info    0x000154cf     0x15fe Output/Release/Obj/twi_scanner_pca10056/SEGGER_RTT.o
 .debug_info    0x00016acd      0x2cb Output/Release/Obj/twi_scanner_pca10056/SEGGER_RTT_Syscalls_SES.o
 .debug_info    0x00016d98       0x23 Output/Release/Obj/twi_scanner_pca10056/ses_startup_nrf52840.o
 .debug_info    0x00016dbb       0x23 Output/Release/Obj/twi_scanner_pca10056/ses_startup_nrf_common.o
 .debug_info    0x00016dde     0x14d8 Output/Release/Obj/twi_scanner_pca10056/system_nrf52840.o

.debug_abbrev   0x00000000     0x41f6
 .debug_abbrev  0x00000000       0x12 Output/Release/Obj/twi_scanner_pca10056/thumb_crt0.o
 .debug_abbrev  0x00000012      0x214 Output/Release/Obj/twi_scanner_pca10056/nrf_log_backend_serial.o
 .debug_abbrev  0x00000226      0x356 Output/Release/Obj/twi_scanner_pca10056/nrf_log_backend_uart.o
 .debug_abbrev  0x0000057c      0x193 Output/Release/Obj/twi_scanner_pca10056/nrf_log_default_backends.o
 .debug_abbrev  0x0000070f      0x5d6 Output/Release/Obj/twi_scanner_pca10056/nrf_log_frontend.o
 .debug_abbrev  0x00000ce5      0x1f2 Output/Release/Obj/twi_scanner_pca10056/nrf_log_str_formatter.o
 .debug_abbrev  0x00000ed7      0x13e Output/Release/Obj/twi_scanner_pca10056/app_error.o
 .debug_abbrev  0x00001015      0x207 Output/Release/Obj/twi_scanner_pca10056/app_error_weak.o
 .debug_abbrev  0x0000121c      0x22d Output/Release/Obj/twi_scanner_pca10056/app_util_platform.o
 .debug_abbrev  0x00001449      0x199 Output/Release/Obj/twi_scanner_pca10056/nrf_atomic.o
 .debug_abbrev  0x000015e2      0x1fc Output/Release/Obj/twi_scanner_pca10056/nrf_balloc.o
 .debug_abbrev  0x000017de      0x146 Output/Release/Obj/twi_scanner_pca10056/nrf_fprintf.o
 .debug_abbrev  0x00001924      0x2b1 Output/Release/Obj/twi_scanner_pca10056/nrf_fprintf_format.o
 .debug_abbrev  0x00001bd5      0x1ee Output/Release/Obj/twi_scanner_pca10056/nrf_memobj.o
 .debug_abbrev  0x00001dc3      0x14d Output/Release/Obj/twi_scanner_pca10056/nrf_ringbuf.o
 .debug_abbrev  0x00001f10      0x3e5 Output/Release/Obj/twi_scanner_pca10056/nrf_drv_twi.o
 .debug_abbrev  0x000022f5      0x22d Output/Release/Obj/twi_scanner_pca10056/nrf_drv_uart.o
 .debug_abbrev  0x00002522      0x294 Output/Release/Obj/twi_scanner_pca10056/nrfx_prs.o
 .debug_abbrev  0x000027b6      0x4ce Output/Release/Obj/twi_scanner_pca10056/nrfx_twim.o
 .debug_abbrev  0x00002c84      0x553 Output/Release/Obj/twi_scanner_pca10056/nrfx_uart.o
 .debug_abbrev  0x000031d7      0x4fa Output/Release/Obj/twi_scanner_pca10056/nrfx_uarte.o
 .debug_abbrev  0x000036d1      0x441 Output/Release/Obj/twi_scanner_pca10056/main.o
 .debug_abbrev  0x00003b12      0x2c3 Output/Release/Obj/twi_scanner_pca10056/SEGGER_RTT.o
 .debug_abbrev  0x00003dd5      0x1a5 Output/Release/Obj/twi_scanner_pca10056/SEGGER_RTT_Syscalls_SES.o
 .debug_abbrev  0x00003f7a       0x14 Output/Release/Obj/twi_scanner_pca10056/ses_startup_nrf52840.o
 .debug_abbrev  0x00003f8e       0x14 Output/Release/Obj/twi_scanner_pca10056/ses_startup_nrf_common.o
 .debug_abbrev  0x00003fa2      0x254 Output/Release/Obj/twi_scanner_pca10056/system_nrf52840.o

.debug_aranges  0x00000000      0x930
 .debug_aranges
                0x00000000       0x98 Output/Release/Obj/twi_scanner_pca10056/thumb_crt0.o
 .debug_aranges
                0x00000098       0x20 Output/Release/Obj/twi_scanner_pca10056/nrf_log_backend_serial.o
 .debug_aranges
                0x000000b8       0x50 Output/Release/Obj/twi_scanner_pca10056/nrf_log_backend_uart.o
 .debug_aranges
                0x00000108       0x20 Output/Release/Obj/twi_scanner_pca10056/nrf_log_default_backends.o
 .debug_aranges
                0x00000128       0xd0 Output/Release/Obj/twi_scanner_pca10056/nrf_log_frontend.o
 .debug_aranges
                0x000001f8       0x40 Output/Release/Obj/twi_scanner_pca10056/nrf_log_str_formatter.o
 .debug_aranges
                0x00000238       0x28 Output/Release/Obj/twi_scanner_pca10056/app_error.o
 .debug_aranges
                0x00000260       0x20 Output/Release/Obj/twi_scanner_pca10056/app_error_weak.o
 .debug_aranges
                0x00000280       0x48 Output/Release/Obj/twi_scanner_pca10056/app_util_platform.o
 .debug_aranges
                0x000002c8       0xb0 Output/Release/Obj/twi_scanner_pca10056/nrf_atomic.o
 .debug_aranges
                0x00000378       0x30 Output/Release/Obj/twi_scanner_pca10056/nrf_balloc.o
 .debug_aranges
                0x000003a8       0x28 Output/Release/Obj/twi_scanner_pca10056/nrf_fprintf.o
 .debug_aranges
                0x000003d0       0x30 Output/Release/Obj/twi_scanner_pca10056/nrf_fprintf_format.o
 .debug_aranges
                0x00000400       0x58 Output/Release/Obj/twi_scanner_pca10056/nrf_memobj.o
 .debug_aranges
                0x00000458       0x50 Output/Release/Obj/twi_scanner_pca10056/nrf_ringbuf.o
 .debug_aranges
                0x000004a8       0x38 Output/Release/Obj/twi_scanner_pca10056/nrf_drv_twi.o
 .debug_aranges
                0x000004e0       0x30 Output/Release/Obj/twi_scanner_pca10056/nrf_drv_uart.o
 .debug_aranges
                0x00000510       0x30 Output/Release/Obj/twi_scanner_pca10056/nrfx_prs.o
 .debug_aranges
                0x00000540       0x88 Output/Release/Obj/twi_scanner_pca10056/nrfx_twim.o
 .debug_aranges
                0x000005c8       0xa8 Output/Release/Obj/twi_scanner_pca10056/nrfx_uart.o
 .debug_aranges
                0x00000670       0x80 Output/Release/Obj/twi_scanner_pca10056/nrfx_uarte.o
 .debug_aranges
                0x000006f0       0x90 Output/Release/Obj/twi_scanner_pca10056/main.o
 .debug_aranges
                0x00000780      0x108 Output/Release/Obj/twi_scanner_pca10056/SEGGER_RTT.o
 .debug_aranges
                0x00000888       0x38 Output/Release/Obj/twi_scanner_pca10056/SEGGER_RTT_Syscalls_SES.o
 .debug_aranges
                0x000008c0       0x20 Output/Release/Obj/twi_scanner_pca10056/ses_startup_nrf52840.o
 .debug_aranges
                0x000008e0       0x20 Output/Release/Obj/twi_scanner_pca10056/ses_startup_nrf_common.o
 .debug_aranges
                0x00000900       0x30 Output/Release/Obj/twi_scanner_pca10056/system_nrf52840.o

.debug_str      0x00000000    0x8a864